dev_setup.c:44:6:dev_factory_settings	24	static
dev_setup.c:104:6:dev_settings_save	8	static
dev_setup.c:121:6:maze_settings_save	8	static
dev_setup.c:138:15:dev_settings_chk	8	static
dev_setup.c:160:15:maze_settings_chk	16	static
dev_setup.c:182:15:factorySettings	16	static
dev_setup.c:200:15:fast_spped_set	24	static
dev_setup.c:256:15:turn_spped_set	24	static
dev_setup.c:316:15:uturn_spped_set	24	static
dev_setup.c:364:15:starting_spped_set	24	static
dev_setup.c:411:15:stopping_spped_set	24	static
dev_setup.c:459:15:ramp_set	24	static
dev_setup.c:507:15:turn_clamp_set	24	static
dev_setup.c:555:15:kp_set	24	static
dev_setup.c:603:15:kd_set	24	static
dev_setup.c:651:15:ki_set	24	static
dev_setup.c:700:15:wkp_set	24	static
dev_setup.c:748:15:wkd_set	24	static
dev_setup.c:796:15:wki_set	24	static
dev_setup.c:905:15:maze_width_set	24	static
dev_setup.c:952:15:gotoEnd_set	24	static
dev_setup.c:999:15:maze_wallWidth_set	24	static
dev_setup.c:1046:15:maze_type_set	24	static
dev_setup.c:1097:15:gyro_callibrate	80	static
dev_setup.c:1161:15:frontL_callibrate	56	static
dev_setup.c:1218:15:frontR_callibrate	56	static
dev_setup.c:1277:15:sideL_callibrate	56	static
dev_setup.c:1334:15:sideR_callibrate	56	static
dev_setup.c:1393:15:left_callibrate	56	static
dev_setup.c:1450:15:right_callibrate	56	static
dev_setup.c:1509:15:start_way_set	24	static
