stm32l4xx_hal_msp.c:66:6:HAL_MspInit	8	static
stm32l4xx_hal_msp.c:88:6:HAL_ADC_MspInit	40	static
stm32l4xx_hal_msp.c:132:6:HAL_ADC_MspDeInit	8	static
stm32l4xx_hal_msp.c:167:6:HAL_I2C_MspInit	40	static
stm32l4xx_hal_msp.c:203:6:HAL_I2C_MspDeInit	0	static
stm32l4xx_hal_msp.c:232:6:HAL_SPI_MspInit	40	static
stm32l4xx_hal_msp.c:270:6:HAL_SPI_MspDeInit	0	static
stm32l4xx_hal_msp.c:301:6:HAL_TIM_PWM_MspInit	16	static
stm32l4xx_hal_msp.c:328:6:HAL_TIM_Base_MspInit	24	static
stm32l4xx_hal_msp.c:386:6:HAL_TIM_MspPostInit	48	static
stm32l4xx_hal_msp.c:447:6:HAL_TIM_PWM_MspDeInit	0	static
stm32l4xx_hal_msp.c:487:6:HAL_TIM_Base_MspDeInit	0	static
