stm32l4xx_it.c:73:6:NMI_Handler	0	static
stm32l4xx_it.c:85:6:HardFault_Handler	0	static
stm32l4xx_it.c:98:6:MemManage_Handler	0	static
stm32l4xx_it.c:111:6:BusFault_Handler	0	static
stm32l4xx_it.c:124:6:UsageFault_Handler	0	static
stm32l4xx_it.c:137:6:SVC_Handler	0	static
stm32l4xx_it.c:149:6:DebugMon_Handler	0	static
stm32l4xx_it.c:161:6:PendSV_Handler	0	static
stm32l4xx_it.c:173:6:SysTick_Handler	8	static
stm32l4xx_it.c:250:6:EXTI9_5_IRQHandler	8	static
stm32l4xx_it.c:264:6:TIM1_BRK_TIM15_IRQHandler	8	static
stm32l4xx_it.c:278:6:TIM1_UP_TIM16_IRQHandler	8	static
stm32l4xx_it.c:292:6:EXTI15_10_IRQHandler	8	static
stm32l4xx_it.c:306:6:TIM6_IRQHandler	0	static
