dev_setup.c:44:6:eepr_buffRead	0	static
dev_setup.c:47:6:eepr_buffWrite	0	static
dev_setup.c:55:6:dev_factory_settings	8	static
dev_setup.c:113:6:dev_settings_save	0	static
dev_setup.c:130:6:maze_settings_save	0	static
dev_setup.c:147:15:dev_settings_chk	0	static
dev_setup.c:169:15:maze_settings_chk	0	static
dev_setup.c:191:15:factorySettings	16	static
dev_setup.c:209:15:fast_spped_set	16	static
dev_setup.c:264:15:turn_spped_set	16	static
dev_setup.c:324:15:uturn_spped_set	16	static
dev_setup.c:372:15:starting_spped_set	16	static
dev_setup.c:419:15:stopping_spped_set	16	static
dev_setup.c:467:15:ramp_set	16	static
dev_setup.c:515:15:turn_clamp_set	16	static
dev_setup.c:563:15:kp_set	16	static
dev_setup.c:611:15:kd_set	16	static
dev_setup.c:659:15:ki_set	16	static
dev_setup.c:710:15:wkp_set	16	static
dev_setup.c:758:15:wkd_set	16	static
dev_setup.c:806:15:wki_set	16	static
dev_setup.c:916:15:maze_width_set	16	static
dev_setup.c:963:15:gotoEnd_set	16	static
dev_setup.c:1010:15:maze_wallWidth_set	16	static
dev_setup.c:1057:15:maze_type_set	16	static
dev_setup.c:1151:15:frontL_callibrate	56	static
dev_setup.c:1211:15:frontR_callibrate	56	static
dev_setup.c:1273:15:sideL_callibrate	56	static
dev_setup.c:1332:15:sideR_callibrate	56	static
dev_setup.c:1394:15:start_way_set	16	static
