stm32l4xx_it.c:77:6:NMI_Handler	0	static
stm32l4xx_it.c:90:6:HardFault_Handler	0	static
stm32l4xx_it.c:105:6:MemManage_Handler	0	static
stm32l4xx_it.c:120:6:BusFault_Handler	0	static
stm32l4xx_it.c:135:6:UsageFault_Handler	0	static
stm32l4xx_it.c:150:6:SVC_Handler	0	static
stm32l4xx_it.c:163:6:DebugMon_Handler	0	static
stm32l4xx_it.c:176:6:PendSV_Handler	0	static
stm32l4xx_it.c:189:6:SysTick_Handler	16	static
stm32l4xx_it.c:275:6:DMA1_Channel1_IRQHandler	0	static
stm32l4xx_it.c:289:6:DMA1_Channel2_IRQHandler	0	static
stm32l4xx_it.c:303:6:EXTI9_5_IRQHandler	8	static
stm32l4xx_it.c:318:6:TIM1_BRK_TIM15_IRQHandler	8	static
stm32l4xx_it.c:333:6:TIM1_UP_TIM16_IRQHandler	8	static
stm32l4xx_it.c:347:6:I2C1_EV_IRQHandler	0	static
stm32l4xx_it.c:361:6:I2C1_ER_IRQHandler	0	static
stm32l4xx_it.c:375:6:EXTI15_10_IRQHandler	8	static
stm32l4xx_it.c:390:6:TIM6_IRQHandler	0	static
