stm32l4xx_hal_msp.c:69:6:HAL_MspInit	8	static
stm32l4xx_hal_msp.c:93:6:HAL_ADC_MspInit	64	static
stm32l4xx_hal_msp.c:199:6:HAL_ADC_MspDeInit	8	static
stm32l4xx_hal_msp.c:260:6:HAL_I2C_MspInit	48	static
stm32l4xx_hal_msp.c:301:6:HAL_I2C_MspDeInit	8	static
stm32l4xx_hal_msp.c:333:6:HAL_SPI_MspInit	48	static
stm32l4xx_hal_msp.c:370:6:HAL_SPI_MspDeInit	0	static
stm32l4xx_hal_msp.c:400:6:HAL_TIM_Base_MspInit	32	static
stm32l4xx_hal_msp.c:474:6:HAL_TIM_MspPostInit	48	static
stm32l4xx_hal_msp.c:535:6:HAL_TIM_Base_MspDeInit	0	static
