Glcd.c:53:6:LcdErase	16	static
Glcd.c:77:6:LcdGotoXY	0	static
Glcd.c:98:6:LcdChr	48	static
Glcd.c:194:6:LcdTextXY	64	static
Glcd.c:328:6:LcdPrint	16	static
Glcd.c:346:6:LcdSetDot	12	static
Glcd.c:373:6:LcdLine	64	static
Glcd.c:438:6:LcdHLine	16	static
Glcd.c:474:6:LcdVLine	48	static
Glcd.c:551:6:LcdClrHLine	12	static
Glcd.c:583:6:LcdClrVLine	32	static
Glcd.c:657:6:LcdBox	24	static
Glcd.c:680:6:LcdClrBox	24	static
Glcd.c:712:6:LcdScrollBar	36	static
Glcd.c:762:6:LcdAntena	16	static
Glcd.c:792:6:LcdCircle	88	static
Glcd.c:861:6:LcdBitmap	36	static
Glcd.c:909:6:LcdInvertRow	4	static
Glcd.c:922:6:LcdInvertArea	24	static
Glcd.c:945:6:LcdInvertScr	8	static
