Glcd.c:53:6:LcdErase	8	static
Glcd.c:77:6:LcdGotoXY	0	static
Glcd.c:98:6:LcdChr	56	static
Glcd.c:194:6:LcdTextXY	48	static
Glcd.c:328:6:LcdPrint	16	static
Glcd.c:346:6:LcdSetDot	8	static
Glcd.c:373:6:LcdLine	48	static
Glcd.c:438:6:LcdHLine	16	static
Glcd.c:474:6:LcdVLine	28	static
Glcd.c:551:6:LcdClrHLine	12	static
Glcd.c:583:6:LcdClrVLine	24	static
Glcd.c:657:6:LcdBox	24	static
Glcd.c:680:6:LcdClrBox	24	static
Glcd.c:712:6:LcdScrollBar	32	static
Glcd.c:762:6:LcdAntena	20	static
Glcd.c:792:6:LcdCircle	56	static
Glcd.c:861:6:LcdBitmap	36	static
Glcd.c:909:6:LcdInvertRow	0	static
Glcd.c:922:6:LcdInvertArea	24	static
Glcd.c:945:6:LcdInvertScr	4	static
