Archive member included to satisfy reference by file (symbol)

/home/simeon/st/stm32cubeide_1.3.0/plugins/com.st.stm32cube.ide.mcu.externaltools.gnu-tools-for-stm32.7-2018-q2-update.linux64_1.0.0.201904181610/tools/bin/../lib/gcc/arm-none-eabi/7.3.1/../../../../arm-none-eabi/lib/thumb/v7e-m/fpv4-sp/hard/libc_nano.a(lib_a-div.o)
                              Menu/menu_functions.o (div)
/home/simeon/st/stm32cubeide_1.3.0/plugins/com.st.stm32cube.ide.mcu.externaltools.gnu-tools-for-stm32.7-2018-q2-update.linux64_1.0.0.201904181610/tools/bin/../lib/gcc/arm-none-eabi/7.3.1/../../../../arm-none-eabi/lib/thumb/v7e-m/fpv4-sp/hard/libc_nano.a(lib_a-errno.o)
                              Src/syscalls.o (__errno)
/home/simeon/st/stm32cubeide_1.3.0/plugins/com.st.stm32cube.ide.mcu.externaltools.gnu-tools-for-stm32.7-2018-q2-update.linux64_1.0.0.201904181610/tools/bin/../lib/gcc/arm-none-eabi/7.3.1/../../../../arm-none-eabi/lib/thumb/v7e-m/fpv4-sp/hard/libc_nano.a(lib_a-exit.o)
                              /home/simeon/st/stm32cubeide_1.3.0/plugins/com.st.stm32cube.ide.mcu.externaltools.gnu-tools-for-stm32.7-2018-q2-update.linux64_1.0.0.201904181610/tools/bin/../lib/gcc/arm-none-eabi/7.3.1/../../../../arm-none-eabi/lib/thumb/v7e-m/fpv4-sp/hard/crt0.o (exit)
/home/simeon/st/stm32cubeide_1.3.0/plugins/com.st.stm32cube.ide.mcu.externaltools.gnu-tools-for-stm32.7-2018-q2-update.linux64_1.0.0.201904181610/tools/bin/../lib/gcc/arm-none-eabi/7.3.1/../../../../arm-none-eabi/lib/thumb/v7e-m/fpv4-sp/hard/libc_nano.a(lib_a-impure.o)
                              /home/simeon/st/stm32cubeide_1.3.0/plugins/com.st.stm32cube.ide.mcu.externaltools.gnu-tools-for-stm32.7-2018-q2-update.linux64_1.0.0.201904181610/tools/bin/../lib/gcc/arm-none-eabi/7.3.1/../../../../arm-none-eabi/lib/thumb/v7e-m/fpv4-sp/hard/libc_nano.a(lib_a-exit.o) (_global_impure_ptr)
/home/simeon/st/stm32cubeide_1.3.0/plugins/com.st.stm32cube.ide.mcu.externaltools.gnu-tools-for-stm32.7-2018-q2-update.linux64_1.0.0.201904181610/tools/bin/../lib/gcc/arm-none-eabi/7.3.1/../../../../arm-none-eabi/lib/thumb/v7e-m/fpv4-sp/hard/libc_nano.a(lib_a-init.o)
                              /home/simeon/st/stm32cubeide_1.3.0/plugins/com.st.stm32cube.ide.mcu.externaltools.gnu-tools-for-stm32.7-2018-q2-update.linux64_1.0.0.201904181610/tools/bin/../lib/gcc/arm-none-eabi/7.3.1/../../../../arm-none-eabi/lib/thumb/v7e-m/fpv4-sp/hard/crt0.o (__libc_init_array)
/home/simeon/st/stm32cubeide_1.3.0/plugins/com.st.stm32cube.ide.mcu.externaltools.gnu-tools-for-stm32.7-2018-q2-update.linux64_1.0.0.201904181610/tools/bin/../lib/gcc/arm-none-eabi/7.3.1/../../../../arm-none-eabi/lib/thumb/v7e-m/fpv4-sp/hard/libc_nano.a(lib_a-memset.o)
                              /home/simeon/st/stm32cubeide_1.3.0/plugins/com.st.stm32cube.ide.mcu.externaltools.gnu-tools-for-stm32.7-2018-q2-update.linux64_1.0.0.201904181610/tools/bin/../lib/gcc/arm-none-eabi/7.3.1/../../../../arm-none-eabi/lib/thumb/v7e-m/fpv4-sp/hard/crt0.o (memset)
/home/simeon/st/stm32cubeide_1.3.0/plugins/com.st.stm32cube.ide.mcu.externaltools.gnu-tools-for-stm32.7-2018-q2-update.linux64_1.0.0.201904181610/tools/bin/../lib/gcc/arm-none-eabi/7.3.1/../../../../arm-none-eabi/lib/thumb/v7e-m/fpv4-sp/hard/libc_nano.a(lib_a-sprintf.o)
                              Maze/maze.o (sprintf)
/home/simeon/st/stm32cubeide_1.3.0/plugins/com.st.stm32cube.ide.mcu.externaltools.gnu-tools-for-stm32.7-2018-q2-update.linux64_1.0.0.201904181610/tools/bin/../lib/gcc/arm-none-eabi/7.3.1/../../../../arm-none-eabi/lib/thumb/v7e-m/fpv4-sp/hard/libc_nano.a(lib_a-strlen.o)
                              Libraries/Glcd.o (strlen)
/home/simeon/st/stm32cubeide_1.3.0/plugins/com.st.stm32cube.ide.mcu.externaltools.gnu-tools-for-stm32.7-2018-q2-update.linux64_1.0.0.201904181610/tools/bin/../lib/gcc/arm-none-eabi/7.3.1/../../../../arm-none-eabi/lib/thumb/v7e-m/fpv4-sp/hard/libc_nano.a(lib_a-nano-svfprintf.o)
                              /home/simeon/st/stm32cubeide_1.3.0/plugins/com.st.stm32cube.ide.mcu.externaltools.gnu-tools-for-stm32.7-2018-q2-update.linux64_1.0.0.201904181610/tools/bin/../lib/gcc/arm-none-eabi/7.3.1/../../../../arm-none-eabi/lib/thumb/v7e-m/fpv4-sp/hard/libc_nano.a(lib_a-sprintf.o) (_svfprintf_r)
/home/simeon/st/stm32cubeide_1.3.0/plugins/com.st.stm32cube.ide.mcu.externaltools.gnu-tools-for-stm32.7-2018-q2-update.linux64_1.0.0.201904181610/tools/bin/../lib/gcc/arm-none-eabi/7.3.1/../../../../arm-none-eabi/lib/thumb/v7e-m/fpv4-sp/hard/libc_nano.a(lib_a-nano-vfprintf_i.o)
                              /home/simeon/st/stm32cubeide_1.3.0/plugins/com.st.stm32cube.ide.mcu.externaltools.gnu-tools-for-stm32.7-2018-q2-update.linux64_1.0.0.201904181610/tools/bin/../lib/gcc/arm-none-eabi/7.3.1/../../../../arm-none-eabi/lib/thumb/v7e-m/fpv4-sp/hard/libc_nano.a(lib_a-nano-svfprintf.o) (_printf_i)
[...]
Memory Configuration

Name             Origin             Length             Attributes
RAM              0x0000000020000000 0x000000000000a000 xrw
FLASH            0x0000000008000000 0x0000000000010000 xr
*default*        0x0000000000000000 0xffffffffffffffff

Linker script and memory map

LOAD /home/simeon/st/stm32cubeide_1.3.0/plugins/com.st.stm32cube.ide.mcu.externaltools.gnu-tools-for-stm32.7-2018-q2-update.linux64_1.0.0.201904181610/tools/bin/../lib/gcc/arm-none-eabi/7.3.1/thumb/v7e-m/fpv4-sp/hard/crti.o
LOAD /home/simeon/st/stm32cubeide_1.3.0/plugins/com.st.stm32cube.ide.mcu.externaltools.gnu-tools-for-stm32.7-2018-q2-update.linux64_1.0.0.201904181610/tools/bin/../lib/gcc/arm-none-eabi/7.3.1/thumb/v7e-m/fpv4-sp/hard/crtbegin.o
LOAD /home/simeon/st/stm32cubeide_1.3.0/plugins/com.st.stm32cube.ide.mcu.externaltools.gnu-tools-for-stm32.7-2018-q2-update.linux64_1.0.0.201904181610/tools/bin/../lib/gcc/arm-none-eabi/7.3.1/../../../../arm-none-eabi/lib/thumb/v7e-m/fpv4-sp/hard/crt0.o
LOAD DogModeTEST/dog_mode.o
LOAD Drivers/STM32L4xx_HAL_Driver/Src/stm32l4xx_hal.o
LOAD Drivers/STM32L4xx_HAL_Driver/Src/stm32l4xx_hal_adc.o
LOAD Drivers/STM32L4xx_HAL_Driver/Src/stm32l4xx_hal_adc_ex.o
LOAD Drivers/STM32L4xx_HAL_Driver/Src/stm32l4xx_hal_cortex.o
LOAD Drivers/STM32L4xx_HAL_Driver/Src/stm32l4xx_hal_dma.o
LOAD Drivers/STM32L4xx_HAL_Driver/Src/stm32l4xx_hal_dma_ex.o
LOAD Drivers/STM32L4xx_HAL_Driver/Src/stm32l4xx_hal_exti.o
LOAD Drivers/STM32L4xx_HAL_Driver/Src/stm32l4xx_hal_flash.o
LOAD Drivers/STM32L4xx_HAL_Driver/Src/stm32l4xx_hal_flash_ex.o
LOAD Drivers/STM32L4xx_HAL_Driver/Src/stm32l4xx_hal_flash_ramfunc.o
LOAD Drivers/STM32L4xx_HAL_Driver/Src/stm32l4xx_hal_gpio.o
LOAD Drivers/STM32L4xx_HAL_Driver/Src/stm32l4xx_hal_i2c.o
LOAD Drivers/STM32L4xx_HAL_Driver/Src/stm32l4xx_hal_i2c_ex.o
LOAD Drivers/STM32L4xx_HAL_Driver/Src/stm32l4xx_hal_pwr.o
LOAD Drivers/STM32L4xx_HAL_Driver/Src/stm32l4xx_hal_pwr_ex.o
LOAD Drivers/STM32L4xx_HAL_Driver/Src/stm32l4xx_hal_rcc.o
LOAD Drivers/STM32L4xx_HAL_Driver/Src/stm32l4xx_hal_rcc_ex.o
LOAD Drivers/STM32L4xx_HAL_Driver/Src/stm32l4xx_hal_spi.o
LOAD Drivers/STM32L4xx_HAL_Driver/Src/stm32l4xx_hal_spi_ex.o
LOAD Drivers/STM32L4xx_HAL_Driver/Src/stm32l4xx_hal_tim.o
LOAD Drivers/STM32L4xx_HAL_Driver/Src/stm32l4xx_hal_tim_ex.o
LOAD Fonts/bg_font.o
LOAD Fonts/splash_screen.o
LOAD Language/menu_items.o
LOAD Language/strings.o
LOAD Libraries/Encoders.o
LOAD Libraries/Glcd.o
LOAD Libraries/ir_module.o
LOAD Libraries/lcd_SPI_drv.o
LOAD Libraries/motors.o
LOAD MPU6050/sd_hal_mpu6050.o
LOAD Maze/maze.o
LOAD Menu/dev_setup.o
LOAD Menu/menu.o
LOAD Menu/menu_functions.o
LOAD Src/common.o
LOAD Src/main.o
LOAD Src/stm32l4xx_hal_msp.o
LOAD Src/stm32l4xx_it.o
LOAD Src/syscalls.o
LOAD Src/system_stm32l4xx.o
LOAD WallFollowing/wall_following.o
LOAD startup/startup_stm32l412xx.o
START GROUP
LOAD /home/simeon/st/stm32cubeide_1.3.0/plugins/com.st.stm32cube.ide.mcu.externaltools.gnu-tools-for-stm32.7-2018-q2-update.linux64_1.0.0.201904181610/tools/bin/../lib/gcc/arm-none-eabi/7.3.1/../../../../arm-none-eabi/lib/thumb/v7e-m/fpv4-sp/hard/libc_nano.a
LOAD /home/simeon/st/stm32cubeide_1.3.0/plugins/com.st.stm32cube.ide.mcu.externaltools.gnu-tools-for-stm32.7-2018-q2-update.linux64_1.0.0.201904181610/tools/bin/../lib/gcc/arm-none-eabi/7.3.1/../../../../arm-none-eabi/lib/thumb/v7e-m/fpv4-sp/hard/libm.a
END GROUP
START GROUP
LOAD /home/simeon/st/stm32cubeide_1.3.0/plugins/com.st.stm32cube.ide.mcu.externaltools.gnu-tools-for-stm32.7-2018-q2-update.linux64_1.0.0.201904181610/tools/bin/../lib/gcc/arm-none-eabi/7.3.1/thumb/v7e-m/fpv4-sp/hard/libgcc.a
LOAD /home/simeon/st/stm32cubeide_1.3.0/plugins/com.st.stm32cube.ide.mcu.externaltools.gnu-tools-for-stm32.7-2018-q2-update.linux64_1.0.0.201904181610/tools/bin/../lib/gcc/arm-none-eabi/7.3.1/../../../../arm-none-eabi/lib/thumb/v7e-m/fpv4-sp/hard/libc_nano.a
END GROUP
START GROUP
LOAD /home/simeon/st/stm32cubeide_1.3.0/plugins/com.st.stm32cube.ide.mcu.externaltools.gnu-tools-for-stm32.7-2018-q2-update.linux64_1.0.0.201904181610/tools/bin/../lib/gcc/arm-none-eabi/7.3.1/thumb/v7e-m/fpv4-sp/hard/libgcc.a
LOAD /home/simeon/st/stm32cubeide_1.3.0/plugins/com.st.stm32cube.ide.mcu.externaltools.gnu-tools-for-stm32.7-2018-q2-update.linux64_1.0.0.201904181610/tools/bin/../lib/gcc/arm-none-eabi/7.3.1/../../../../arm-none-eabi/lib/thumb/v7e-m/fpv4-sp/hard/libc_nano.a
LOAD /home/simeon/st/stm32cubeide_1.3.0/plugins/com.st.stm32cube.ide.mcu.externaltools.gnu-tools-for-stm32.7-2018-q2-update.linux64_1.0.0.201904181610/tools/bin/../lib/gcc/arm-none-eabi/7.3.1/../../../../arm-none-eabi/lib/thumb/v7e-m/fpv4-sp/hard/libnosys.a
END GROUP
START GROUP
LOAD /home/simeon/st/stm32cubeide_1.3.0/plugins/com.st.stm32cube.ide.mcu.externaltools.gnu-tools-for-stm32.7-2018-q2-update.linux64_1.0.0.201904181610/tools/bin/../lib/gcc/arm-none-eabi/7.3.1/thumb/v7e-m/fpv4-sp/hard/libgcc.a
LOAD /home/simeon/st/stm32cubeide_1.3.0/plugins/com.st.stm32cube.ide.mcu.externaltools.gnu-tools-for-stm32.7-2018-q2-update.linux64_1.0.0.201904181610/tools/bin/../lib/gcc/arm-none-eabi/7.3.1/../../../../arm-none-eabi/lib/thumb/v7e-m/fpv4-sp/hard/libc_nano.a
LOAD /home/simeon/st/stm32cubeide_1.3.0/plugins/com.st.stm32cube.ide.mcu.externaltools.gnu-tools-for-stm32.7-2018-q2-update.linux64_1.0.0.201904181610/tools/bin/../lib/gcc/arm-none-eabi/7.3.1/../../../../arm-none-eabi/lib/thumb/v7e-m/fpv4-sp/hard/libnosys.a
END GROUP
LOAD /home/simeon/st/stm32cubeide_1.3.0/plugins/com.st.stm32cube.ide.mcu.externaltools.gnu-tools-for-stm32.7-2018-q2-update.linux64_1.0.0.201904181610/tools/bin/../lib/gcc/arm-none-eabi/7.3.1/thumb/v7e-m/fpv4-sp/hard/crtend.o
LOAD /home/simeon/st/stm32cubeide_1.3.0/plugins/com.st.stm32cube.ide.mcu.externaltools.gnu-tools-for-stm32.7-2018-q2-update.linux64_1.0.0.201904181610/tools/bin/../lib/gcc/arm-none-eabi/7.3.1/thumb/v7e-m/fpv4-sp/hard/crtn.o
                0x000000002000a000                _estack = 0x2000a000
                0x0000000000000200                _Min_Heap_Size = 0x200
                0x0000000000000400                _Min_Stack_Size = 0x400

.isr_vector     0x0000000008000000      0x18c
                0x0000000008000000                . = ALIGN (0x4)
 *(.isr_vector)
 .isr_vector    0x0000000008000000      0x18c startup/startup_stm32l412xx.o
                0x0000000008000000                g_pfnVectors
                0x000000000800018c                . = ALIGN (0x4)

.text           0x0000000008000190     0x93b8
                0x0000000008000190                . = ALIGN (0x4)
 *(.text)
 .text          0x0000000008000190       0x40 /home/simeon/st/stm32cubeide_1.3.0/plugins/com.st.stm32cube.ide.mcu.externaltools.gnu-tools-for-stm32.7-2018-q2-update.linux64_1.0.0.201904181610/tools/bin/../lib/gcc/arm-none-eabi/7.3.1/thumb/v7e-m/fpv4-sp/hard/crtbegin.o
 .text          0x00000000080001d0       0x10 /home/simeon/st/stm32cubeide_1.3.0/plugins/com.st.stm32cube.ide.mcu.externaltools.gnu-tools-for-stm32.7-2018-q2-update.linux64_1.0.0.201904181610/tools/bin/../lib/gcc/arm-none-eabi/7.3.1/../../../../arm-none-eabi/lib/thumb/v7e-m/fpv4-sp/hard/libc_nano.a(lib_a-strlen.o)
                0x00000000080001d0                strlen
 .text          0x00000000080001e0       0xa0 /home/simeon/st/stm32cubeide_1.3.0/plugins/com.st.stm32cube.ide.mcu.externaltools.gnu-tools-for-stm32.7-2018-q2-update.linux64_1.0.0.201904181610/tools/bin/../lib/gcc/arm-none-eabi/7.3.1/../../../../arm-none-eabi/lib/thumb/v7e-m/fpv4-sp/hard/libc_nano.a(lib_a-memchr.o)
                0x00000000080001e0                memchr
 .text          0x0000000008000280      0x378 /home/simeon/st/stm32cubeide_1.3.0/plugins/com.st.stm32cube.ide.mcu.externaltools.gnu-tools-for-stm32.7-2018-q2-update.linux64_1.0.0.201904181610/tools/bin/../lib/gcc/arm-none-eabi/7.3.1/thumb/v7e-m/fpv4-sp/hard/libgcc.a(_arm_addsubdf3.o)
                0x0000000008000280                __aeabi_drsub
                0x0000000008000288                __aeabi_dsub
                0x0000000008000288                __subdf3
                0x000000000800028c                __adddf3
                0x000000000800028c                __aeabi_dadd
                0x0000000008000504                __aeabi_ui2d
                0x0000000008000504                __floatunsidf
                0x0000000008000524                __floatsidf
                0x0000000008000524                __aeabi_i2d
                0x0000000008000548                __extendsfdf2
                0x0000000008000548                __aeabi_f2d
                0x000000000800058c                __aeabi_ul2d
                0x000000000800058c                __floatundidf
                0x000000000800059c                __floatdidf
                0x000000000800059c                __aeabi_l2d
 .text          0x00000000080005f8      0x424 /home/simeon/st/stm32cubeide_1.3.0/plugins/com.st.stm32cube.ide.mcu.externaltools.gnu-tools-for-stm32.7-2018-q2-update.linux64_1.0.0.201904181610/tools/bin/../lib/gcc/arm-none-eabi/7.3.1/thumb/v7e-m/fpv4-sp/hard/libgcc.a(_arm_muldivdf3.o)
                0x00000000080005f8                __aeabi_dmul
                0x00000000080005f8                __muldf3
                0x000000000800084c                __aeabi_ddiv
                0x000000000800084c                __divdf3
 .text          0x0000000008000a1c      0x110 /home/simeon/st/stm32cubeide_1.3.0/plugins/com.st.stm32cube.ide.mcu.externaltools.gnu-tools-for-stm32.7-2018-q2-update.linux64_1.0.0.201904181610/tools/bin/../lib/gcc/arm-none-eabi/7.3.1/thumb/v7e-m/fpv4-sp/hard/libgcc.a(_arm_cmpdf2.o)
                0x0000000008000a1c                __gtdf2
                0x0000000008000a1c                __gedf2
                0x0000000008000a24                __ltdf2
                0x0000000008000a24                __ledf2
                0x0000000008000a2c                __cmpdf2
                0x0000000008000a2c                __eqdf2
                0x0000000008000a2c                __nedf2
                0x0000000008000aa8                __aeabi_cdrcmple
                0x0000000008000ab8                __aeabi_cdcmple
                0x0000000008000ab8                __aeabi_cdcmpeq
                0x0000000008000ac8                __aeabi_dcmpeq
                0x0000000008000adc                __aeabi_dcmplt
                0x0000000008000af0                __aeabi_dcmple
                0x0000000008000b04                __aeabi_dcmpge
                0x0000000008000b18                __aeabi_dcmpgt
 .text          0x0000000008000b2c       0x50 /home/simeon/st/stm32cubeide_1.3.0/plugins/com.st.stm32cube.ide.mcu.externaltools.gnu-tools-for-stm32.7-2018-q2-update.linux64_1.0.0.201904181610/tools/bin/../lib/gcc/arm-none-eabi/7.3.1/thumb/v7e-m/fpv4-sp/hard/libgcc.a(_arm_fixdfsi.o)
                0x0000000008000b2c                __fixdfsi
                0x0000000008000b2c                __aeabi_d2iz
 .text          0x0000000008000b7c       0xa0 /home/simeon/st/stm32cubeide_1.3.0/plugins/com.st.stm32cube.ide.mcu.externaltools.gnu-tools-for-stm32.7-2018-q2-update.linux64_1.0.0.201904181610/tools/bin/../lib/gcc/arm-none-eabi/7.3.1/thumb/v7e-m/fpv4-sp/hard/libgcc.a(_arm_truncdfsf2.o)
                0x0000000008000b7c                __aeabi_d2f
                0x0000000008000b7c                __truncdfsf2
 *(.text*)
 .text.HAL_InitTick
                0x0000000008000c1c       0x4c Drivers/STM32L4xx_HAL_Driver/Src/stm32l4xx_hal.o
                0x0000000008000c1c                HAL_InitTick
 .text.HAL_Init
                0x0000000008000c68       0x28 Drivers/STM32L4xx_HAL_Driver/Src/stm32l4xx_hal.o
                0x0000000008000c68                HAL_Init
 .text.HAL_IncTick
                0x0000000008000c90       0x18 Drivers/STM32L4xx_HAL_Driver/Src/stm32l4xx_hal.o
                0x0000000008000c90                HAL_IncTick
 .text.HAL_GetTick
                0x0000000008000ca8        0xc Drivers/STM32L4xx_HAL_Driver/Src/stm32l4xx_hal.o
                0x0000000008000ca8                HAL_GetTick
 .text.HAL_Delay
                0x0000000008000cb4       0x24 Drivers/STM32L4xx_HAL_Driver/Src/stm32l4xx_hal.o
                0x0000000008000cb4                HAL_Delay
 .text.HAL_ADC_Init
                0x0000000008000cd8      0x1d8 Drivers/STM32L4xx_HAL_Driver/Src/stm32l4xx_hal_adc.o
                0x0000000008000cd8                HAL_ADC_Init
 .text.HAL_ADC_ConvHalfCpltCallback
                0x0000000008000eb0        0x4 Drivers/STM32L4xx_HAL_Driver/Src/stm32l4xx_hal_adc.o
                0x0000000008000eb0                HAL_ADC_ConvHalfCpltCallback
 .text.ADC_DMAHalfConvCplt
                0x0000000008000eb4        0xc Drivers/STM32L4xx_HAL_Driver/Src/stm32l4xx_hal_adc.o
                0x0000000008000eb4                ADC_DMAHalfConvCplt
 .text.HAL_ADC_ErrorCallback
                0x0000000008000ec0        0x4 Drivers/STM32L4xx_HAL_Driver/Src/stm32l4xx_hal_adc.o
                0x0000000008000ec0                HAL_ADC_ErrorCallback
 .text.ADC_DMAConvCplt
                0x0000000008000ec4       0x68 Drivers/STM32L4xx_HAL_Driver/Src/stm32l4xx_hal_adc.o
                0x0000000008000ec4                ADC_DMAConvCplt
 .text.ADC_DMAError
                0x0000000008000f2c       0x1c Drivers/STM32L4xx_HAL_Driver/Src/stm32l4xx_hal_adc.o
                0x0000000008000f2c                ADC_DMAError
 .text.HAL_ADC_ConfigChannel
                0x0000000008000f48      0x420 Drivers/STM32L4xx_HAL_Driver/Src/stm32l4xx_hal_adc.o
                0x0000000008000f48                HAL_ADC_ConfigChannel
 .text.ADC_Enable
                0x0000000008001368       0x84 Drivers/STM32L4xx_HAL_Driver/Src/stm32l4xx_hal_adc.o
                0x0000000008001368                ADC_Enable
 .text.HAL_ADC_Start_DMA
                0x00000000080013ec       0xec Drivers/STM32L4xx_HAL_Driver/Src/stm32l4xx_hal_adc.o
                0x00000000080013ec                HAL_ADC_Start_DMA
 .text.ADC_Disable
                0x00000000080014d8       0x7c Drivers/STM32L4xx_HAL_Driver/Src/stm32l4xx_hal_adc.o
                0x00000000080014d8                ADC_Disable
 .text.HAL_ADCEx_Calibration_Start
                0x0000000008001554       0xa0 Drivers/STM32L4xx_HAL_Driver/Src/stm32l4xx_hal_adc_ex.o
                0x0000000008001554                HAL_ADCEx_Calibration_Start
 .text.HAL_ADCEx_MultiModeConfigChannel
                0x00000000080015f4       0xd8 Drivers/STM32L4xx_HAL_Driver/Src/stm32l4xx_hal_adc_ex.o
                0x00000000080015f4                HAL_ADCEx_MultiModeConfigChannel
 .text.HAL_NVIC_SetPriorityGrouping
                0x00000000080016cc       0x24 Drivers/STM32L4xx_HAL_Driver/Src/stm32l4xx_hal_cortex.o
                0x00000000080016cc                HAL_NVIC_SetPriorityGrouping
 .text.HAL_NVIC_SetPriority
                0x00000000080016f0       0x6c Drivers/STM32L4xx_HAL_Driver/Src/stm32l4xx_hal_cortex.o
                0x00000000080016f0                HAL_NVIC_SetPriority
 .text.HAL_NVIC_EnableIRQ
                0x000000000800175c       0x1c Drivers/STM32L4xx_HAL_Driver/Src/stm32l4xx_hal_cortex.o
                0x000000000800175c                HAL_NVIC_EnableIRQ
 .text.HAL_NVIC_SystemReset
                0x0000000008001778       0x24 Drivers/STM32L4xx_HAL_Driver/Src/stm32l4xx_hal_cortex.o
                0x0000000008001778                HAL_NVIC_SystemReset
 .text.HAL_SYSTICK_Config
                0x000000000800179c       0x34 Drivers/STM32L4xx_HAL_Driver/Src/stm32l4xx_hal_cortex.o
                0x000000000800179c                HAL_SYSTICK_Config
 .text.HAL_DMA_Init
                0x00000000080017d0       0xc0 Drivers/STM32L4xx_HAL_Driver/Src/stm32l4xx_hal_dma.o
                0x00000000080017d0                HAL_DMA_Init
 .text.HAL_DMA_Start_IT
                0x0000000008001890       0x8c Drivers/STM32L4xx_HAL_Driver/Src/stm32l4xx_hal_dma.o
                0x0000000008001890                HAL_DMA_Start_IT
 .text.HAL_DMA_Abort_IT
                0x000000000800191c       0x4c Drivers/STM32L4xx_HAL_Driver/Src/stm32l4xx_hal_dma.o
                0x000000000800191c                HAL_DMA_Abort_IT
 .text.HAL_DMA_IRQHandler
                0x0000000008001968       0xa0 Drivers/STM32L4xx_HAL_Driver/Src/stm32l4xx_hal_dma.o
                0x0000000008001968                HAL_DMA_IRQHandler
 .text.HAL_DMA_GetState
                0x0000000008001a08        0x8 Drivers/STM32L4xx_HAL_Driver/Src/stm32l4xx_hal_dma.o
                0x0000000008001a08                HAL_DMA_GetState
 .text.HAL_FLASH_Unlock
                0x0000000008001a10       0x28 Drivers/STM32L4xx_HAL_Driver/Src/stm32l4xx_hal_flash.o
                0x0000000008001a10                HAL_FLASH_Unlock
 .text.HAL_FLASH_Lock
                0x0000000008001a38       0x14 Drivers/STM32L4xx_HAL_Driver/Src/stm32l4xx_hal_flash.o
                0x0000000008001a38                HAL_FLASH_Lock
 .text.FLASH_WaitForLastOperation
                0x0000000008001a4c       0x58 Drivers/STM32L4xx_HAL_Driver/Src/stm32l4xx_hal_flash.o
                0x0000000008001a4c                FLASH_WaitForLastOperation
 .text.HAL_FLASH_Program
                0x0000000008001aa4       0xe0 Drivers/STM32L4xx_HAL_Driver/Src/stm32l4xx_hal_flash.o
                0x0000000008001aa4                HAL_FLASH_Program
 .text.FLASH_FlushCaches
                0x0000000008001b84       0x58 Drivers/STM32L4xx_HAL_Driver/Src/stm32l4xx_hal_flash_ex.o
                0x0000000008001b84                FLASH_FlushCaches
 .text.HAL_FLASHEx_Erase
                0x0000000008001bdc      0x118 Drivers/STM32L4xx_HAL_Driver/Src/stm32l4xx_hal_flash_ex.o
                0x0000000008001bdc                HAL_FLASHEx_Erase
 .text.HAL_GPIO_Init
                0x0000000008001cf4      0x190 Drivers/STM32L4xx_HAL_Driver/Src/stm32l4xx_hal_gpio.o
                0x0000000008001cf4                HAL_GPIO_Init
 .text.HAL_GPIO_ReadPin
                0x0000000008001e84        0xc Drivers/STM32L4xx_HAL_Driver/Src/stm32l4xx_hal_gpio.o
                0x0000000008001e84                HAL_GPIO_ReadPin
 .text.HAL_GPIO_WritePin
                0x0000000008001e90        0xc Drivers/STM32L4xx_HAL_Driver/Src/stm32l4xx_hal_gpio.o
                0x0000000008001e90                HAL_GPIO_WritePin
 .text.HAL_GPIO_EXTI_IRQHandler
                0x0000000008001e9c       0x18 Drivers/STM32L4xx_HAL_Driver/Src/stm32l4xx_hal_gpio.o
                0x0000000008001e9c                HAL_GPIO_EXTI_IRQHandler
 .text.I2C_IsAcknowledgeFailed.part.1
                0x0000000008001eb4       0x78 Drivers/STM32L4xx_HAL_Driver/Src/stm32l4xx_hal_i2c.o
 .text.I2C_WaitOnRXNEFlagUntilTimeout
                0x0000000008001f2c       0x8c Drivers/STM32L4xx_HAL_Driver/Src/stm32l4xx_hal_i2c.o
 .text.I2C_WaitOnTXISFlagUntilTimeout
                0x0000000008001fb8       0x5c Drivers/STM32L4xx_HAL_Driver/Src/stm32l4xx_hal_i2c.o
 .text.I2C_WaitOnSTOPFlagUntilTimeout
                0x0000000008002014       0x54 Drivers/STM32L4xx_HAL_Driver/Src/stm32l4xx_hal_i2c.o
 .text.I2C_WaitOnFlagUntilTimeout
                0x0000000008002068       0x5c Drivers/STM32L4xx_HAL_Driver/Src/stm32l4xx_hal_i2c.o
 .text.HAL_I2C_Init
                0x00000000080020c4       0xa8 Drivers/STM32L4xx_HAL_Driver/Src/stm32l4xx_hal_i2c.o
                0x00000000080020c4                HAL_I2C_Init
 .text.HAL_I2C_Master_Transmit
                0x000000000800216c      0x168 Drivers/STM32L4xx_HAL_Driver/Src/stm32l4xx_hal_i2c.o
                0x000000000800216c                HAL_I2C_Master_Transmit
 .text.HAL_I2C_Master_Receive
                0x00000000080022d4      0x16c Drivers/STM32L4xx_HAL_Driver/Src/stm32l4xx_hal_i2c.o
                0x00000000080022d4                HAL_I2C_Master_Receive
 .text.HAL_I2C_IsDeviceReady
                0x0000000008002440      0x130 Drivers/STM32L4xx_HAL_Driver/Src/stm32l4xx_hal_i2c.o
                0x0000000008002440                HAL_I2C_IsDeviceReady
 .text.HAL_I2C_EV_IRQHandler
                0x0000000008002570       0x1c Drivers/STM32L4xx_HAL_Driver/Src/stm32l4xx_hal_i2c.o
                0x0000000008002570                HAL_I2C_EV_IRQHandler
 .text.HAL_I2C_SlaveTxCpltCallback
                0x000000000800258c        0x4 Drivers/STM32L4xx_HAL_Driver/Src/stm32l4xx_hal_i2c.o
                0x000000000800258c                HAL_I2C_SlaveTxCpltCallback
 .text.HAL_I2C_SlaveRxCpltCallback
                0x0000000008002590        0x4 Drivers/STM32L4xx_HAL_Driver/Src/stm32l4xx_hal_i2c.o
                0x0000000008002590                HAL_I2C_SlaveRxCpltCallback
 .text.I2C_ITSlaveSeqCplt
                0x0000000008002594       0xa4 Drivers/STM32L4xx_HAL_Driver/Src/stm32l4xx_hal_i2c.o
 .text.HAL_I2C_AddrCallback
                0x0000000008002638        0x4 Drivers/STM32L4xx_HAL_Driver/Src/stm32l4xx_hal_i2c.o
                0x0000000008002638                HAL_I2C_AddrCallback
 .text.I2C_ITAddrCplt.isra.8.part.9
                0x000000000800263c       0x78 Drivers/STM32L4xx_HAL_Driver/Src/stm32l4xx_hal_i2c.o
 .text.HAL_I2C_ListenCpltCallback
                0x00000000080026b4        0x4 Drivers/STM32L4xx_HAL_Driver/Src/stm32l4xx_hal_i2c.o
                0x00000000080026b4                HAL_I2C_ListenCpltCallback
 .text.I2C_ITListenCplt
                0x00000000080026b8       0x70 Drivers/STM32L4xx_HAL_Driver/Src/stm32l4xx_hal_i2c.o
 .text.HAL_I2C_ErrorCallback
                0x0000000008002728        0x4 Drivers/STM32L4xx_HAL_Driver/Src/stm32l4xx_hal_i2c.o
                0x0000000008002728                HAL_I2C_ErrorCallback
 .text.HAL_I2C_AbortCpltCallback
                0x000000000800272c        0x4 Drivers/STM32L4xx_HAL_Driver/Src/stm32l4xx_hal_i2c.o
                0x000000000800272c                HAL_I2C_AbortCpltCallback
 .text.I2C_TreatErrorCallback
                0x0000000008002730       0x2c Drivers/STM32L4xx_HAL_Driver/Src/stm32l4xx_hal_i2c.o
 .text.I2C_ITError
                0x000000000800275c      0x110 Drivers/STM32L4xx_HAL_Driver/Src/stm32l4xx_hal_i2c.o
 .text.I2C_ITSlaveCplt
                0x000000000800286c      0x144 Drivers/STM32L4xx_HAL_Driver/Src/stm32l4xx_hal_i2c.o
 .text.I2C_Slave_ISR_IT
                0x00000000080029b0      0x144 Drivers/STM32L4xx_HAL_Driver/Src/stm32l4xx_hal_i2c.o
 .text.HAL_I2C_ER_IRQHandler
                0x0000000008002af4       0x78 Drivers/STM32L4xx_HAL_Driver/Src/stm32l4xx_hal_i2c.o
                0x0000000008002af4                HAL_I2C_ER_IRQHandler
 .text.I2C_DMAAbort
                0x0000000008002b6c       0x18 Drivers/STM32L4xx_HAL_Driver/Src/stm32l4xx_hal_i2c.o
 .text.HAL_I2CEx_ConfigAnalogFilter
                0x0000000008002b84       0x54 Drivers/STM32L4xx_HAL_Driver/Src/stm32l4xx_hal_i2c_ex.o
                0x0000000008002b84                HAL_I2CEx_ConfigAnalogFilter
 .text.HAL_I2CEx_ConfigDigitalFilter
                0x0000000008002bd8       0x50 Drivers/STM32L4xx_HAL_Driver/Src/stm32l4xx_hal_i2c_ex.o
                0x0000000008002bd8                HAL_I2CEx_ConfigDigitalFilter
 .text.HAL_PWREx_GetVoltageRange
                0x0000000008002c28       0x10 Drivers/STM32L4xx_HAL_Driver/Src/stm32l4xx_hal_pwr_ex.o
                0x0000000008002c28                HAL_PWREx_GetVoltageRange
 .text.HAL_PWREx_ControlVoltageScaling
                0x0000000008002c38       0x88 Drivers/STM32L4xx_HAL_Driver/Src/stm32l4xx_hal_pwr_ex.o
                0x0000000008002c38                HAL_PWREx_ControlVoltageScaling
 .text.RCC_SetFlashLatencyFromMSIRange
                0x0000000008002cc0       0x8c Drivers/STM32L4xx_HAL_Driver/Src/stm32l4xx_hal_rcc.o
 .text.HAL_RCC_GetSysClockFreq
                0x0000000008002d4c       0xb4 Drivers/STM32L4xx_HAL_Driver/Src/stm32l4xx_hal_rcc.o
                0x0000000008002d4c                HAL_RCC_GetSysClockFreq
 .text.HAL_RCC_OscConfig
                0x0000000008002e00      0x66c Drivers/STM32L4xx_HAL_Driver/Src/stm32l4xx_hal_rcc.o
                0x0000000008002e00                HAL_RCC_OscConfig
 .text.HAL_RCC_ClockConfig
                0x000000000800346c      0x130 Drivers/STM32L4xx_HAL_Driver/Src/stm32l4xx_hal_rcc.o
                0x000000000800346c                HAL_RCC_ClockConfig
 .text.HAL_RCCEx_PeriphCLKConfig
                0x000000000800359c      0x200 Drivers/STM32L4xx_HAL_Driver/Src/stm32l4xx_hal_rcc_ex.o
                0x000000000800359c                HAL_RCCEx_PeriphCLKConfig
 .text.SPI_WaitFlagStateUntilTimeout.part.0
                0x000000000800379c       0x54 Drivers/STM32L4xx_HAL_Driver/Src/stm32l4xx_hal_spi.o
 .text.SPI_WaitFlagStateUntilTimeout.constprop.9
                0x00000000080037f0       0x30 Drivers/STM32L4xx_HAL_Driver/Src/stm32l4xx_hal_spi.o
 .text.SPI_WaitFifoStateUntilTimeout.constprop.10
                0x0000000008003820       0x38 Drivers/STM32L4xx_HAL_Driver/Src/stm32l4xx_hal_spi.o
 .text.SPI_EndRxTxTransaction
                0x0000000008003858       0x40 Drivers/STM32L4xx_HAL_Driver/Src/stm32l4xx_hal_spi.o
 .text.HAL_SPI_Init
                0x0000000008003898       0xd0 Drivers/STM32L4xx_HAL_Driver/Src/stm32l4xx_hal_spi.o
                0x0000000008003898                HAL_SPI_Init
 .text.HAL_SPI_Transmit
                0x0000000008003968      0x1a4 Drivers/STM32L4xx_HAL_Driver/Src/stm32l4xx_hal_spi.o
                0x0000000008003968                HAL_SPI_Transmit
 .text.TIM_OC1_SetConfig
                0x0000000008003b0c       0x68 Drivers/STM32L4xx_HAL_Driver/Src/stm32l4xx_hal_tim.o
 .text.TIM_OC3_SetConfig
                0x0000000008003b74       0x74 Drivers/STM32L4xx_HAL_Driver/Src/stm32l4xx_hal_tim.o
 .text.TIM_OC4_SetConfig
                0x0000000008003be8       0x5c Drivers/STM32L4xx_HAL_Driver/Src/stm32l4xx_hal_tim.o
 .text.TIM_OC5_SetConfig
                0x0000000008003c44       0x5c Drivers/STM32L4xx_HAL_Driver/Src/stm32l4xx_hal_tim.o
 .text.TIM_OC6_SetConfig
                0x0000000008003ca0       0x5c Drivers/STM32L4xx_HAL_Driver/Src/stm32l4xx_hal_tim.o
 .text.HAL_TIM_Base_Start
                0x0000000008003cfc       0x30 Drivers/STM32L4xx_HAL_Driver/Src/stm32l4xx_hal_tim.o
                0x0000000008003cfc                HAL_TIM_Base_Start
 .text.HAL_TIM_OC_Start
                0x0000000008003d2c       0x64 Drivers/STM32L4xx_HAL_Driver/Src/stm32l4xx_hal_tim.o
                0x0000000008003d2c                HAL_TIM_OC_Start
 .text.HAL_TIM_PWM_MspInit
                0x0000000008003d90        0x4 Drivers/STM32L4xx_HAL_Driver/Src/stm32l4xx_hal_tim.o
                0x0000000008003d90                HAL_TIM_PWM_MspInit
 .text.HAL_TIM_PWM_Start
                0x0000000008003d94        0x4 Drivers/STM32L4xx_HAL_Driver/Src/stm32l4xx_hal_tim.o
                0x0000000008003d94                HAL_TIM_PWM_Start
 .text.HAL_TIM_PWM_Stop
                0x0000000008003d98       0x7c Drivers/STM32L4xx_HAL_Driver/Src/stm32l4xx_hal_tim.o
                0x0000000008003d98                HAL_TIM_PWM_Stop
 .text.HAL_TIM_OnePulse_MspInit
                0x0000000008003e14        0x4 Drivers/STM32L4xx_HAL_Driver/Src/stm32l4xx_hal_tim.o
                0x0000000008003e14                HAL_TIM_OnePulse_MspInit
 .text.HAL_TIM_ConfigClockSource
                0x0000000008003e18      0x150 Drivers/STM32L4xx_HAL_Driver/Src/stm32l4xx_hal_tim.o
                0x0000000008003e18                HAL_TIM_ConfigClockSource
 .text.HAL_TIM_PeriodElapsedCallback
                0x0000000008003f68        0x4 Drivers/STM32L4xx_HAL_Driver/Src/stm32l4xx_hal_tim.o
                0x0000000008003f68                HAL_TIM_PeriodElapsedCallback
 .text.HAL_TIM_OC_DelayElapsedCallback
                0x0000000008003f6c        0x4 Drivers/STM32L4xx_HAL_Driver/Src/stm32l4xx_hal_tim.o
                0x0000000008003f6c                HAL_TIM_OC_DelayElapsedCallback
 .text.HAL_TIM_IC_CaptureCallback
                0x0000000008003f70        0x4 Drivers/STM32L4xx_HAL_Driver/Src/stm32l4xx_hal_tim.o
                0x0000000008003f70                HAL_TIM_IC_CaptureCallback
 .text.HAL_TIM_PWM_PulseFinishedCallback
                0x0000000008003f74        0x4 Drivers/STM32L4xx_HAL_Driver/Src/stm32l4xx_hal_tim.o
                0x0000000008003f74                HAL_TIM_PWM_PulseFinishedCallback
 .text.HAL_TIM_TriggerCallback
                0x0000000008003f78        0x4 Drivers/STM32L4xx_HAL_Driver/Src/stm32l4xx_hal_tim.o
                0x0000000008003f78                HAL_TIM_TriggerCallback
 .text.HAL_TIM_IRQHandler
                0x0000000008003f7c      0x170 Drivers/STM32L4xx_HAL_Driver/Src/stm32l4xx_hal_tim.o
                0x0000000008003f7c                HAL_TIM_IRQHandler
 .text.TIM_Base_SetConfig
                0x00000000080040ec       0x7c Drivers/STM32L4xx_HAL_Driver/Src/stm32l4xx_hal_tim.o
                0x00000000080040ec                TIM_Base_SetConfig
 .text.HAL_TIM_Base_Init
                0x0000000008004168       0x38 Drivers/STM32L4xx_HAL_Driver/Src/stm32l4xx_hal_tim.o
                0x0000000008004168                HAL_TIM_Base_Init
 .text.HAL_TIM_PWM_Init
                0x00000000080041a0       0x38 Drivers/STM32L4xx_HAL_Driver/Src/stm32l4xx_hal_tim.o
                0x00000000080041a0                HAL_TIM_PWM_Init
 .text.HAL_TIM_OnePulse_Init
                0x00000000080041d8       0x48 Drivers/STM32L4xx_HAL_Driver/Src/stm32l4xx_hal_tim.o
                0x00000000080041d8                HAL_TIM_OnePulse_Init
 .text.TIM_OC2_SetConfig
                0x0000000008004220       0x74 Drivers/STM32L4xx_HAL_Driver/Src/stm32l4xx_hal_tim.o
                0x0000000008004220                TIM_OC2_SetConfig
 .text.HAL_TIM_PWM_ConfigChannel
                0x0000000008004294      0x164 Drivers/STM32L4xx_HAL_Driver/Src/stm32l4xx_hal_tim.o
                0x0000000008004294                HAL_TIM_PWM_ConfigChannel
 .text.HAL_TIMEx_MasterConfigSynchronization
                0x00000000080043f8       0x74 Drivers/STM32L4xx_HAL_Driver/Src/stm32l4xx_hal_tim_ex.o
                0x00000000080043f8                HAL_TIMEx_MasterConfigSynchronization
 .text.HAL_TIMEx_ConfigBreakDeadTime
                0x000000000800446c       0x84 Drivers/STM32L4xx_HAL_Driver/Src/stm32l4xx_hal_tim_ex.o
                0x000000000800446c                HAL_TIMEx_ConfigBreakDeadTime
 .text.HAL_TIMEx_CommutCallback
                0x00000000080044f0        0x4 Drivers/STM32L4xx_HAL_Driver/Src/stm32l4xx_hal_tim_ex.o
                0x00000000080044f0                HAL_TIMEx_CommutCallback
 .text.HAL_TIMEx_BreakCallback
                0x00000000080044f4        0x4 Drivers/STM32L4xx_HAL_Driver/Src/stm32l4xx_hal_tim_ex.o
                0x00000000080044f4                HAL_TIMEx_BreakCallback
 .text.HAL_TIMEx_Break2Callback
                0x00000000080044f8        0x4 Drivers/STM32L4xx_HAL_Driver/Src/stm32l4xx_hal_tim_ex.o
                0x00000000080044f8                HAL_TIMEx_Break2Callback
 .text.EncodersInit
                0x00000000080044fc       0x38 Libraries/Encoders.o
                0x00000000080044fc                EncodersInit
 .text.clear_encoders
                0x0000000008004534        0x4 Libraries/Encoders.o
                0x0000000008004534                clear_encoders
 .text.LcdErase
                0x0000000008004538       0x48 Libraries/Glcd.o
                0x0000000008004538                LcdErase
 .text.LcdTextXY
                0x0000000008004580      0x2a0 Libraries/Glcd.o
                0x0000000008004580                LcdTextXY
 .text.LcdHLine
                0x0000000008004820       0x60 Libraries/Glcd.o
                0x0000000008004820                LcdHLine
 .text.LcdVLine
                0x0000000008004880      0x130 Libraries/Glcd.o
                0x0000000008004880                LcdVLine
 .text.LcdBox   0x00000000080049b0       0x40 Libraries/Glcd.o
                0x00000000080049b0                LcdBox
 .text.LcdScrollBar
                0x00000000080049f0       0xf8 Libraries/Glcd.o
                0x00000000080049f0                LcdScrollBar
 .text.LcdBitmap
                0x0000000008004ae8       0xc4 Libraries/Glcd.o
                0x0000000008004ae8                LcdBitmap
 .text.ir_init  0x0000000008004bac       0x3c Libraries/ir_module.o
                0x0000000008004bac                ir_init
 .text.IRpinIntHandler
                0x0000000008004be8       0xec Libraries/ir_module.o
                0x0000000008004be8                IRpinIntHandler
 .text.IR_TimerHandler
                0x0000000008004cd4       0x24 Libraries/ir_module.o
                0x0000000008004cd4                IR_TimerHandler
 .text.LcdOutDat
                0x0000000008004cf8       0x44 Libraries/lcd_SPI_drv.o
                0x0000000008004cf8                LcdOutDat
 .text.LcdOutCtl
                0x0000000008004d3c       0x44 Libraries/lcd_SPI_drv.o
                0x0000000008004d3c                LcdOutCtl
 .text.LcdInit  0x0000000008004d80       0x94 Libraries/lcd_SPI_drv.o
                0x0000000008004d80                LcdInit
 .text.LcdContrast
                0x0000000008004e14       0x14 Libraries/lcd_SPI_drv.o
                0x0000000008004e14                LcdContrast
 .text.LcdUpdate
                0x0000000008004e28       0x78 Libraries/lcd_SPI_drv.o
                0x0000000008004e28                LcdUpdate
 .text.TurboStop
                0x0000000008004ea0        0xc Libraries/motors.o
                0x0000000008004ea0                TurboStop
 .text.MotorsStart
                0x0000000008004eac       0x1c Libraries/motors.o
                0x0000000008004eac                MotorsStart
 .text.MotorsStop
                0x0000000008004ec8       0x1c Libraries/motors.o
                0x0000000008004ec8                MotorsStop
 .text.MotorLeftSpeed
                0x0000000008004ee4       0x48 Libraries/motors.o
                0x0000000008004ee4                MotorLeftSpeed
 .text.MotorRightSpeed
                0x0000000008004f2c       0x48 Libraries/motors.o
                0x0000000008004f2c                MotorRightSpeed
 .text.SD_MPU6050_SetDataRate
                0x0000000008004f74       0x30 MPU6050/sd_hal_mpu6050.o
                0x0000000008004f74                SD_MPU6050_SetDataRate
 .text.SD_MPU6050_SetAccelerometer
                0x0000000008004fa4       0xac MPU6050/sd_hal_mpu6050.o
                0x0000000008004fa4                SD_MPU6050_SetAccelerometer
 .text.SD_MPU6050_SetGyroscope
                0x0000000008005050       0x6c MPU6050/sd_hal_mpu6050.o
                0x0000000008005050                SD_MPU6050_SetGyroscope
 .text.SD_MPU6050_Init
                0x00000000080050bc       0xf0 MPU6050/sd_hal_mpu6050.o
                0x00000000080050bc                SD_MPU6050_Init
 .text.SD_MPU6050_ReadGyroscope
                0x00000000080051ac       0x44 MPU6050/sd_hal_mpu6050.o
                0x00000000080051ac                SD_MPU6050_ReadGyroscope
 .text.dev_factory_settings
                0x00000000080051f0       0xac Menu/dev_setup.o
                0x00000000080051f0                dev_factory_settings
 .text.dev_settings_save
                0x000000000800529c       0x30 Menu/dev_setup.o
                0x000000000800529c                dev_settings_save
 .text.maze_settings_save
                0x00000000080052cc       0x28 Menu/dev_setup.o
                0x00000000080052cc                maze_settings_save
 .text.dev_settings_chk
                0x00000000080052f4       0x40 Menu/dev_setup.o
                0x00000000080052f4                dev_settings_chk
 .text.maze_settings_chk
                0x0000000008005334       0x30 Menu/dev_setup.o
                0x0000000008005334                maze_settings_chk
 .text.factorySettings
                0x0000000008005364       0x3c Menu/dev_setup.o
                0x0000000008005364                factorySettings
 .text.fast_spped_set
                0x00000000080053a0       0x9c Menu/dev_setup.o
                0x00000000080053a0                fast_spped_set
 .text.turn_spped_set
                0x000000000800543c       0x9c Menu/dev_setup.o
                0x000000000800543c                turn_spped_set
 .text.uturn_spped_set
                0x00000000080054d8       0x9c Menu/dev_setup.o
                0x00000000080054d8                uturn_spped_set
 .text.starting_spped_set
                0x0000000008005574       0x9c Menu/dev_setup.o
                0x0000000008005574                starting_spped_set
 .text.stopping_spped_set
                0x0000000008005610       0x9c Menu/dev_setup.o
                0x0000000008005610                stopping_spped_set
 .text.ramp_set
                0x00000000080056ac       0x9c Menu/dev_setup.o
                0x00000000080056ac                ramp_set
 .text.turn_clamp_set
                0x0000000008005748       0x9c Menu/dev_setup.o
                0x0000000008005748                turn_clamp_set
 .text.kp_set   0x00000000080057e4       0x9c Menu/dev_setup.o
                0x00000000080057e4                kp_set
 .text.kd_set   0x0000000008005880       0x9c Menu/dev_setup.o
                0x0000000008005880                kd_set
 .text.ki_set   0x000000000800591c       0x9c Menu/dev_setup.o
                0x000000000800591c                ki_set
 .text.wkp_set  0x00000000080059b8       0x9c Menu/dev_setup.o
                0x00000000080059b8                wkp_set
 .text.wkd_set  0x0000000008005a54       0x9c Menu/dev_setup.o
                0x0000000008005a54                wkd_set
 .text.wki_set  0x0000000008005af0       0x9c Menu/dev_setup.o
                0x0000000008005af0                wki_set
 .text.maze_width_set
                0x0000000008005b8c       0x9c Menu/dev_setup.o
                0x0000000008005b8c                maze_width_set
 .text.gotoEnd_set
                0x0000000008005c28       0x9c Menu/dev_setup.o
                0x0000000008005c28                gotoEnd_set
 .text.maze_wallWidth_set
                0x0000000008005cc4       0x9c Menu/dev_setup.o
                0x0000000008005cc4                maze_wallWidth_set
 .text.maze_type_set
                0x0000000008005d60       0x9c Menu/dev_setup.o
                0x0000000008005d60                maze_type_set
 *fill*         0x0000000008005dfc        0x4 
 .text.gyro_callibrate
                0x0000000008005e00      0x20c Menu/dev_setup.o
                0x0000000008005e00                gyro_callibrate
 .text.frontL_callibrate
                0x000000000800600c      0x114 Menu/dev_setup.o
                0x000000000800600c                frontL_callibrate
 .text.frontR_callibrate
                0x0000000008006120      0x114 Menu/dev_setup.o
                0x0000000008006120                frontR_callibrate
 .text.sideL_callibrate
                0x0000000008006234      0x114 Menu/dev_setup.o
                0x0000000008006234                sideL_callibrate
 .text.sideR_callibrate
                0x0000000008006348      0x114 Menu/dev_setup.o
                0x0000000008006348                sideR_callibrate
 .text.left_callibrate
                0x000000000800645c      0x114 Menu/dev_setup.o
                0x000000000800645c                left_callibrate
 .text.right_callibrate
                0x0000000008006570      0x114 Menu/dev_setup.o
                0x0000000008006570                right_callibrate
 .text.start_way_set
                0x0000000008006684       0x9c Menu/dev_setup.o
                0x0000000008006684                start_way_set
 .text.MENU_printMenu
                0x0000000008006720       0xdc Menu/menu.o
                0x0000000008006720                MENU_printMenu
 .text.MENU_init
                0x00000000080067fc       0x98 Menu/menu.o
                0x00000000080067fc                MENU_init
 .text.MENU_printMenuItem
                0x0000000008006894       0x7c Menu/menu.o
                0x0000000008006894                MENU_printMenuItem
 .text.MENU_gtoDefaultMenu
                0x0000000008006910       0x54 Menu/menu.o
                0x0000000008006910                MENU_gtoDefaultMenu
 .text.MENU_handler
                0x0000000008006964      0x3d0 Menu/menu.o
                0x0000000008006964                MENU_handler
 .text.EditValue
                0x0000000008006d34      0x118 Menu/menu_functions.o
                0x0000000008006d34                EditValue
 .text.SelectBox
                0x0000000008006e4c      0x1a4 Menu/menu_functions.o
                0x0000000008006e4c                SelectBox
 .text.MessageBox
                0x0000000008006ff0       0xdc Menu/menu_functions.o
                0x0000000008006ff0                MessageBox
 .text.TextBox  0x00000000080070cc       0xa0 Menu/menu_functions.o
                0x00000000080070cc                TextBox
 .text.eepr_buffWrite
                0x000000000800716c      0x100 Src/common.o
                0x000000000800716c                eepr_buffWrite
 .text.eepr_buffRead
                0x000000000800726c       0x2c Src/common.o
                0x000000000800726c                eepr_buffRead
 .text.float_format
                0x0000000008007298       0x40 Src/main.o
                0x0000000008007298                float_format
 .text.HAL_GPIO_EXTI_Callback
                0x00000000080072d8       0x4c Src/main.o
                0x00000000080072d8                HAL_GPIO_EXTI_Callback
 .text.SystemClock_Config
                0x0000000008007324       0x78 Src/main.o
                0x0000000008007324                SystemClock_Config
 .text.HAL_ADC_ConvCpltCallback
                0x000000000800739c       0x2c Src/main.o
                0x000000000800739c                HAL_ADC_ConvCpltCallback
 .text.read_sensors
                0x00000000080073c8      0x110 Src/main.o
                0x00000000080073c8                read_sensors
 .text.startup.main
                0x00000000080074d8      0xdb8 Src/main.o
                0x00000000080074d8                main
 .text.Error_Handler
                0x0000000008008290        0x4 Src/main.o
                0x0000000008008290                Error_Handler
 .text.HAL_MspInit
                0x0000000008008294       0x30 Src/stm32l4xx_hal_msp.o
                0x0000000008008294                HAL_MspInit
 .text.HAL_ADC_MspInit
                0x00000000080082c4      0x164 Src/stm32l4xx_hal_msp.o
                0x00000000080082c4                HAL_ADC_MspInit
 .text.HAL_I2C_MspInit
                0x0000000008008428       0x90 Src/stm32l4xx_hal_msp.o
                0x0000000008008428                HAL_I2C_MspInit
 .text.HAL_SPI_MspInit
                0x00000000080084b8       0x6c Src/stm32l4xx_hal_msp.o
                0x00000000080084b8                HAL_SPI_MspInit
 .text.HAL_TIM_Base_MspInit
                0x0000000008008524       0xfc Src/stm32l4xx_hal_msp.o
                0x0000000008008524                HAL_TIM_Base_MspInit
 .text.HAL_TIM_MspPostInit
                0x0000000008008620       0xb8 Src/stm32l4xx_hal_msp.o
                0x0000000008008620                HAL_TIM_MspPostInit
 .text.NMI_Handler
                0x00000000080086d8        0x4 Src/stm32l4xx_it.o
                0x00000000080086d8                NMI_Handler
 .text.HardFault_Handler
                0x00000000080086dc        0x4 Src/stm32l4xx_it.o
                0x00000000080086dc                HardFault_Handler
 .text.MemManage_Handler
                0x00000000080086e0        0x4 Src/stm32l4xx_it.o
                0x00000000080086e0                MemManage_Handler
 .text.BusFault_Handler
                0x00000000080086e4        0x4 Src/stm32l4xx_it.o
                0x00000000080086e4                BusFault_Handler
 .text.UsageFault_Handler
                0x00000000080086e8        0x4 Src/stm32l4xx_it.o
                0x00000000080086e8                UsageFault_Handler
 .text.SVC_Handler
                0x00000000080086ec        0x4 Src/stm32l4xx_it.o
                0x00000000080086ec                SVC_Handler
 .text.DebugMon_Handler
                0x00000000080086f0        0x4 Src/stm32l4xx_it.o
                0x00000000080086f0                DebugMon_Handler
 .text.PendSV_Handler
                0x00000000080086f4        0x4 Src/stm32l4xx_it.o
                0x00000000080086f4                PendSV_Handler
 .text.SysTick_Handler
                0x00000000080086f8       0xe8 Src/stm32l4xx_it.o
                0x00000000080086f8                SysTick_Handler
 .text.DMA1_Channel1_IRQHandler
                0x00000000080087e0        0xc Src/stm32l4xx_it.o
                0x00000000080087e0                DMA1_Channel1_IRQHandler
 .text.DMA1_Channel2_IRQHandler
                0x00000000080087ec        0xc Src/stm32l4xx_it.o
                0x00000000080087ec                DMA1_Channel2_IRQHandler
 .text.EXTI9_5_IRQHandler
                0x00000000080087f8       0x14 Src/stm32l4xx_it.o
                0x00000000080087f8                EXTI9_5_IRQHandler
 .text.TIM1_BRK_TIM15_IRQHandler
                0x000000000800880c       0x1c Src/stm32l4xx_it.o
                0x000000000800880c                TIM1_BRK_TIM15_IRQHandler
 .text.TIM1_UP_TIM16_IRQHandler
                0x0000000008008828       0x1c Src/stm32l4xx_it.o
                0x0000000008008828                TIM1_UP_TIM16_IRQHandler
 .text.I2C1_EV_IRQHandler
                0x0000000008008844        0xc Src/stm32l4xx_it.o
                0x0000000008008844                I2C1_EV_IRQHandler
 .text.I2C1_ER_IRQHandler
                0x0000000008008850        0xc Src/stm32l4xx_it.o
                0x0000000008008850                I2C1_ER_IRQHandler
 .text.EXTI15_10_IRQHandler
                0x000000000800885c       0x18 Src/stm32l4xx_it.o
                0x000000000800885c                EXTI15_10_IRQHandler
 .text.TIM6_IRQHandler
                0x0000000008008874        0xc Src/stm32l4xx_it.o
                0x0000000008008874                TIM6_IRQHandler
 .text._sbrk    0x0000000008008880       0x3c Src/syscalls.o
                0x0000000008008880                _sbrk
 .text.SystemInit
                0x00000000080088bc       0x50 Src/system_stm32l4xx.o
                0x00000000080088bc                SystemInit
 .text.forward  0x000000000800890c       0x24 WallFollowing/wall_following.o
                0x000000000800890c                forward
 .text.WallFollowing
                0x0000000008008930      0x33c WallFollowing/wall_following.o
                0x0000000008008930                WallFollowing
 .text.Reset_Handler
                0x0000000008008c6c       0x50 startup/startup_stm32l412xx.o
                0x0000000008008c6c                Reset_Handler
 .text.Default_Handler
                0x0000000008008cbc        0x2 startup/startup_stm32l412xx.o
                0x0000000008008cbc                RTC_Alarm_IRQHandler
                0x0000000008008cbc                EXTI2_IRQHandler
                0x0000000008008cbc                TIM1_CC_IRQHandler
                0x0000000008008cbc                TSC_IRQHandler
                0x0000000008008cbc                TAMP_STAMP_IRQHandler
                0x0000000008008cbc                EXTI3_IRQHandler
                0x0000000008008cbc                LPTIM2_IRQHandler
                0x0000000008008cbc                I2C3_ER_IRQHandler
                0x0000000008008cbc                EXTI0_IRQHandler
                0x0000000008008cbc                I2C2_EV_IRQHandler
                0x0000000008008cbc                FPU_IRQHandler
                0x0000000008008cbc                ADC1_2_IRQHandler
                0x0000000008008cbc                SPI1_IRQHandler
                0x0000000008008cbc                DMA2_Channel2_IRQHandler
                0x0000000008008cbc                DMA1_Channel4_IRQHandler
                0x0000000008008cbc                USART3_IRQHandler
                0x0000000008008cbc                DMA1_Channel7_IRQHandler
                0x0000000008008cbc                DMA2_Channel1_IRQHandler
                0x0000000008008cbc                QUADSPI_IRQHandler
                0x0000000008008cbc                DMA1_Channel6_IRQHandler
                0x0000000008008cbc                DMA2_Channel4_IRQHandler
                0x0000000008008cbc                RCC_IRQHandler
                0x0000000008008cbc                TIM1_TRG_COM_IRQHandler
                0x0000000008008cbc                Default_Handler
                0x0000000008008cbc                DMA2_Channel7_IRQHandler
                0x0000000008008cbc                I2C3_EV_IRQHandler
                0x0000000008008cbc                RTC_WKUP_IRQHandler
                0x0000000008008cbc                PVD_PVM_IRQHandler
                0x0000000008008cbc                SPI2_IRQHandler
                0x0000000008008cbc                DMA2_Channel5_IRQHandler
                0x0000000008008cbc                CRS_IRQHandler
                0x0000000008008cbc                DMA1_Channel5_IRQHandler
                0x0000000008008cbc                EXTI4_IRQHandler
                0x0000000008008cbc                RNG_IRQHandler
                0x0000000008008cbc                DMA1_Channel3_IRQHandler
                0x0000000008008cbc                COMP_IRQHandler
                0x0000000008008cbc                WWDG_IRQHandler
                0x0000000008008cbc                LPUART1_IRQHandler
                0x0000000008008cbc                DMA2_Channel6_IRQHandler
                0x0000000008008cbc                TIM2_IRQHandler
                0x0000000008008cbc                EXTI1_IRQHandler
                0x0000000008008cbc                USART2_IRQHandler
                0x0000000008008cbc                I2C2_ER_IRQHandler
                0x0000000008008cbc                FLASH_IRQHandler
                0x0000000008008cbc                USART1_IRQHandler
                0x0000000008008cbc                LPTIM1_IRQHandler
                0x0000000008008cbc                DMA2_Channel3_IRQHandler
 *fill*         0x0000000008008cbe        0x2 
 .text.__errno  0x0000000008008cc0        0xc /home/simeon/st/stm32cubeide_1.3.0/plugins/com.st.stm32cube.ide.mcu.externaltools.gnu-tools-for-stm32.7-2018-q2-update.linux64_1.0.0.201904181610/tools/bin/../lib/gcc/arm-none-eabi/7.3.1/../../../../arm-none-eabi/lib/thumb/v7e-m/fpv4-sp/hard/libc_nano.a(lib_a-errno.o)
                0x0000000008008cc0                __errno
 .text.__libc_init_array
                0x0000000008008ccc       0x48 /home/simeon/st/stm32cubeide_1.3.0/plugins/com.st.stm32cube.ide.mcu.externaltools.gnu-tools-for-stm32.7-2018-q2-update.linux64_1.0.0.201904181610/tools/bin/../lib/gcc/arm-none-eabi/7.3.1/../../../../arm-none-eabi/lib/thumb/v7e-m/fpv4-sp/hard/libc_nano.a(lib_a-init.o)
                0x0000000008008ccc                __libc_init_array
 .text.memset   0x0000000008008d14       0x10 /home/simeon/st/stm32cubeide_1.3.0/plugins/com.st.stm32cube.ide.mcu.externaltools.gnu-tools-for-stm32.7-2018-q2-update.linux64_1.0.0.201904181610/tools/bin/../lib/gcc/arm-none-eabi/7.3.1/../../../../arm-none-eabi/lib/thumb/v7e-m/fpv4-sp/hard/libc_nano.a(lib_a-memset.o)
                0x0000000008008d14                memset
 .text.sprintf  0x0000000008008d24       0x40 /home/simeon/st/stm32cubeide_1.3.0/plugins/com.st.stm32cube.ide.mcu.externaltools.gnu-tools-for-stm32.7-2018-q2-update.linux64_1.0.0.201904181610/tools/bin/../lib/gcc/arm-none-eabi/7.3.1/../../../../arm-none-eabi/lib/thumb/v7e-m/fpv4-sp/hard/libc_nano.a(lib_a-sprintf.o)
                0x0000000008008d24                sprintf
                0x0000000008008d24                siprintf
 .text.__ssputs_r
                0x0000000008008d64       0xb4 /home/simeon/st/stm32cubeide_1.3.0/plugins/com.st.stm32cube.ide.mcu.externaltools.gnu-tools-for-stm32.7-2018-q2-update.linux64_1.0.0.201904181610/tools/bin/../lib/gcc/arm-none-eabi/7.3.1/../../../../arm-none-eabi/lib/thumb/v7e-m/fpv4-sp/hard/libc_nano.a(lib_a-nano-svfprintf.o)
                0x0000000008008d64                __ssputs_r
 .text._svfprintf_r
                0x0000000008008e18      0x1f0 /home/simeon/st/stm32cubeide_1.3.0/plugins/com.st.stm32cube.ide.mcu.externaltools.gnu-tools-for-stm32.7-2018-q2-update.linux64_1.0.0.201904181610/tools/bin/../lib/gcc/arm-none-eabi/7.3.1/../../../../arm-none-eabi/lib/thumb/v7e-m/fpv4-sp/hard/libc_nano.a(lib_a-nano-svfprintf.o)
                0x0000000008008e18                _svfprintf_r
                0x0000000008008e18                _svfiprintf_r
 .text._printf_common
                0x0000000008009008       0xea /home/simeon/st/stm32cubeide_1.3.0/plugins/com.st.stm32cube.ide.mcu.externaltools.gnu-tools-for-stm32.7-2018-q2-update.linux64_1.0.0.201904181610/tools/bin/../lib/gcc/arm-none-eabi/7.3.1/../../../../arm-none-eabi/lib/thumb/v7e-m/fpv4-sp/hard/libc_nano.a(lib_a-nano-vfprintf_i.o)
                0x0000000008009008                _printf_common
 *fill*         0x00000000080090f2        0x2 
 .text._printf_i
                0x00000000080090f4      0x224 /home/simeon/st/stm32cubeide_1.3.0/plugins/com.st.stm32cube.ide.mcu.externaltools.gnu-tools-for-stm32.7-2018-q2-update.linux64_1.0.0.201904181610/tools/bin/../lib/gcc/arm-none-eabi/7.3.1/../../../../arm-none-eabi/lib/thumb/v7e-m/fpv4-sp/hard/libc_nano.a(lib_a-nano-vfprintf_i.o)
                0x00000000080090f4                _printf_i
 .text.memcpy   0x0000000008009318       0x16 /home/simeon/st/stm32cubeide_1.3.0/plugins/com.st.stm32cube.ide.mcu.externaltools.gnu-tools-for-stm32.7-2018-q2-update.linux64_1.0.0.201904181610/tools/bin/../lib/gcc/arm-none-eabi/7.3.1/../../../../arm-none-eabi/lib/thumb/v7e-m/fpv4-sp/hard/libc_nano.a(lib_a-memcpy-stub.o)
                0x0000000008009318                memcpy
 .text.memmove  0x000000000800932e       0x32 /home/simeon/st/stm32cubeide_1.3.0/plugins/com.st.stm32cube.ide.mcu.externaltools.gnu-tools-for-stm32.7-2018-q2-update.linux64_1.0.0.201904181610/tools/bin/../lib/gcc/arm-none-eabi/7.3.1/../../../../arm-none-eabi/lib/thumb/v7e-m/fpv4-sp/hard/libc_nano.a(lib_a-memmove.o)
                0x000000000800932e                memmove
 .text._free_r  0x0000000008009360       0x9c /home/simeon/st/stm32cubeide_1.3.0/plugins/com.st.stm32cube.ide.mcu.externaltools.gnu-tools-for-stm32.7-2018-q2-update.linux64_1.0.0.201904181610/tools/bin/../lib/gcc/arm-none-eabi/7.3.1/../../../../arm-none-eabi/lib/thumb/v7e-m/fpv4-sp/hard/libc_nano.a(lib_a-nano-freer.o)
                0x0000000008009360                _free_r
 .text._malloc_r
                0x00000000080093fc       0xb4 /home/simeon/st/stm32cubeide_1.3.0/plugins/com.st.stm32cube.ide.mcu.externaltools.gnu-tools-for-stm32.7-2018-q2-update.linux64_1.0.0.201904181610/tools/bin/../lib/gcc/arm-none-eabi/7.3.1/../../../../arm-none-eabi/lib/thumb/v7e-m/fpv4-sp/hard/libc_nano.a(lib_a-nano-mallocr.o)
                0x00000000080093fc                _malloc_r
 .text._realloc_r
                0x00000000080094b0       0x4c /home/simeon/st/stm32cubeide_1.3.0/plugins/com.st.stm32cube.ide.mcu.externaltools.gnu-tools-for-stm32.7-2018-q2-update.linux64_1.0.0.201904181610/tools/bin/../lib/gcc/arm-none-eabi/7.3.1/../../../../arm-none-eabi/lib/thumb/v7e-m/fpv4-sp/hard/libc_nano.a(lib_a-nano-reallocr.o)
                0x00000000080094b0                _realloc_r
 .text._sbrk_r  0x00000000080094fc       0x20 /home/simeon/st/stm32cubeide_1.3.0/plugins/com.st.stm32cube.ide.mcu.externaltools.gnu-tools-for-stm32.7-2018-q2-update.linux64_1.0.0.201904181610/tools/bin/../lib/gcc/arm-none-eabi/7.3.1/../../../../arm-none-eabi/lib/thumb/v7e-m/fpv4-sp/hard/libc_nano.a(lib_a-sbrkr.o)
                0x00000000080094fc                _sbrk_r
 .text.__malloc_lock
                0x000000000800951c        0x2 /home/simeon/st/stm32cubeide_1.3.0/plugins/com.st.stm32cube.ide.mcu.externaltools.gnu-tools-for-stm32.7-2018-q2-update.linux64_1.0.0.201904181610/tools/bin/../lib/gcc/arm-none-eabi/7.3.1/../../../../arm-none-eabi/lib/thumb/v7e-m/fpv4-sp/hard/libc_nano.a(lib_a-mlock.o)
                0x000000000800951c                __malloc_lock
 .text.__malloc_unlock
                0x000000000800951e        0x2 /home/simeon/st/stm32cubeide_1.3.0/plugins/com.st.stm32cube.ide.mcu.externaltools.gnu-tools-for-stm32.7-2018-q2-update.linux64_1.0.0.201904181610/tools/bin/../lib/gcc/arm-none-eabi/7.3.1/../../../../arm-none-eabi/lib/thumb/v7e-m/fpv4-sp/hard/libc_nano.a(lib_a-mlock.o)
                0x000000000800951e                __malloc_unlock
 .text._malloc_usable_size_r
                0x0000000008009520       0x10 /home/simeon/st/stm32cubeide_1.3.0/plugins/com.st.stm32cube.ide.mcu.externaltools.gnu-tools-for-stm32.7-2018-q2-update.linux64_1.0.0.201904181610/tools/bin/../lib/gcc/arm-none-eabi/7.3.1/../../../../arm-none-eabi/lib/thumb/v7e-m/fpv4-sp/hard/libc_nano.a(lib_a-nano-msizer.o)
                0x0000000008009520                _malloc_usable_size_r
 *(.glue_7)
 .glue_7        0x0000000008009530        0x0 linker stubs
 *(.glue_7t)
 .glue_7t       0x0000000008009530        0x0 linker stubs
 *(.eh_frame)
 .eh_frame      0x0000000008009530        0x0 /home/simeon/st/stm32cubeide_1.3.0/plugins/com.st.stm32cube.ide.mcu.externaltools.gnu-tools-for-stm32.7-2018-q2-update.linux64_1.0.0.201904181610/tools/bin/../lib/gcc/arm-none-eabi/7.3.1/thumb/v7e-m/fpv4-sp/hard/crtbegin.o
 *(.init)
 .init          0x0000000008009530        0x4 /home/simeon/st/stm32cubeide_1.3.0/plugins/com.st.stm32cube.ide.mcu.externaltools.gnu-tools-for-stm32.7-2018-q2-update.linux64_1.0.0.201904181610/tools/bin/../lib/gcc/arm-none-eabi/7.3.1/thumb/v7e-m/fpv4-sp/hard/crti.o
                0x0000000008009530                _init
 .init          0x0000000008009534        0x8 /home/simeon/st/stm32cubeide_1.3.0/plugins/com.st.stm32cube.ide.mcu.externaltools.gnu-tools-for-stm32.7-2018-q2-update.linux64_1.0.0.201904181610/tools/bin/../lib/gcc/arm-none-eabi/7.3.1/thumb/v7e-m/fpv4-sp/hard/crtn.o
 *(.fini)
 .fini          0x000000000800953c        0x4 /home/simeon/st/stm32cubeide_1.3.0/plugins/com.st.stm32cube.ide.mcu.externaltools.gnu-tools-for-stm32.7-2018-q2-update.linux64_1.0.0.201904181610/tools/bin/../lib/gcc/arm-none-eabi/7.3.1/thumb/v7e-m/fpv4-sp/hard/crti.o
                0x000000000800953c                _fini
 .fini          0x0000000008009540        0x8 /home/simeon/st/stm32cubeide_1.3.0/plugins/com.st.stm32cube.ide.mcu.externaltools.gnu-tools-for-stm32.7-2018-q2-update.linux64_1.0.0.201904181610/tools/bin/../lib/gcc/arm-none-eabi/7.3.1/thumb/v7e-m/fpv4-sp/hard/crtn.o
                0x0000000008009548                . = ALIGN (0x4)
                0x0000000008009548                _etext = .

.vfp11_veneer   0x0000000008009548        0x0
 .vfp11_veneer  0x0000000008009548        0x0 linker stubs

.v4_bx          0x0000000008009548        0x0
 .v4_bx         0x0000000008009548        0x0 linker stubs

.iplt           0x0000000008009548        0x0
 .iplt          0x0000000008009548        0x0 /home/simeon/st/stm32cubeide_1.3.0/plugins/com.st.stm32cube.ide.mcu.externaltools.gnu-tools-for-stm32.7-2018-q2-update.linux64_1.0.0.201904181610/tools/bin/../lib/gcc/arm-none-eabi/7.3.1/thumb/v7e-m/fpv4-sp/hard/crtbegin.o

.rodata         0x0000000008009548     0x2544
                0x0000000008009548                . = ALIGN (0x4)
 *(.rodata)
 *(.rodata*)
 .rodata.BigDigitsFontSystem10x12
                0x0000000008009548      0x20a Fonts/bg_font.o
                0x0000000008009548                BigDigitsFontSystem10x12
 *fill*         0x0000000008009752        0x2 
 .rodata.FontSystem5x8
                0x0000000008009754      0x460 Fonts/bg_font.o
                0x0000000008009754                FontSystem5x8
 .rodata.FontSystem7x8
                0x0000000008009bb4      0x620 Fonts/bg_font.o
                0x0000000008009bb4                FontSystem7x8
 .rodata.Font_1
                0x000000000800a1d4        0x8 Fonts/bg_font.o
                0x000000000800a1d4                Font_1
 .rodata.Font_2
                0x000000000800a1dc        0x8 Fonts/bg_font.o
                0x000000000800a1dc                Font_2
 .rodata.Font_3
                0x000000000800a1e4        0x8 Fonts/bg_font.o
                0x000000000800a1e4                Font_3
 .rodata.Font_4
                0x000000000800a1ec        0x8 Fonts/bg_font.o
                0x000000000800a1ec                Font_4
 .rodata.PrinterFontSystem10x11
                0x000000000800a1f4      0xfc0 Fonts/bg_font.o
                0x000000000800a1f4                PrinterFontSystem10x11
 .rodata.img_splash_logo_bmp_char_table
                0x000000000800b1b4      0x27b Fonts/splash_screen.o
                0x000000000800b1b4                img_splash_logo_bmp_char_table
 *fill*         0x000000000800b42f        0x1 
 .rodata.splash_screen
                0x000000000800b430        0x8 Fonts/splash_screen.o
                0x000000000800b430                splash_screen
 .rodata.callibrationMenu
                0x000000000800b438       0x90 Language/menu_items.o
                0x000000000800b438                callibrationMenu
 .rodata.mainTitle
                0x000000000800b4c8        0xc Language/menu_items.o
                0x000000000800b4c8                mainTitle
 .rodata.mazeMenu
                0x000000000800b4d4       0x50 Language/menu_items.o
                0x000000000800b4d4                mazeMenu
 .rodata.menuWarnings
                0x000000000800b524       0x20 Language/menu_items.o
                0x000000000800b524                menuWarnings
 .rodata.pidMenu
                0x000000000800b544       0x70 Language/menu_items.o
                0x000000000800b544                pidMenu
 .rodata.rampsMenu
                0x000000000800b5b4       0x40 Language/menu_items.o
                0x000000000800b5b4                rampsMenu
 .rodata.rootMenu
                0x000000000800b5f4       0x70 Language/menu_items.o
                0x000000000800b5f4                rootMenu
 .rodata.speedMenu
                0x000000000800b664       0x50 Language/menu_items.o
                0x000000000800b664                speedMenu
 .rodata.str1.4
                0x000000000800b6b4      0x164 Language/menu_items.o
 .rodata.str1.4
                0x000000000800b818       0xa4 Language/strings.o
 .rodata.str_MazeRun
                0x000000000800b8bc       0x10 Language/strings.o
                0x000000000800b8bc                str_MazeRun
 .rodata.str_MazeStart
                0x000000000800b8cc        0xc Language/strings.o
                0x000000000800b8cc                str_MazeStart
 .rodata.arrows
                0x000000000800b8d8       0x19 Libraries/Glcd.o
                0x000000000800b8d8                arrows
 *fill*         0x000000000800b8f1        0x3 
 .rodata.l_mask_array
                0x000000000800b8f4        0x8 Libraries/Glcd.o
                0x000000000800b8f4                l_mask_array
 .rodata.factorySettings.str1.4
                0x000000000800b8fc       0x5c Menu/dev_setup.o
 .rodata.frontL_callibrate.str1.4
                0x000000000800b958        0x4 Menu/dev_setup.o
 .rodata.frontR_callibrate.str1.4
                0x000000000800b95c        0x5 Menu/dev_setup.o
 *fill*         0x000000000800b961        0x3 
 .rodata.gyro_callibrate.str1.4
                0x000000000800b964       0x5c Menu/dev_setup.o
 .rodata.MENU_handler.str1.4
                0x000000000800b9c0        0xf Menu/menu.o
 *fill*         0x000000000800b9cf        0x1 
 .rodata.MENU_printMenu.str1.4
                0x000000000800b9d0        0xa Menu/menu.o
 *fill*         0x000000000800b9da        0x2 
 .rodata.EditValue.str1.4
                0x000000000800b9dc        0x8 Menu/menu_functions.o
 .rodata.SelectBox.str1.4
                0x000000000800b9e4        0x5 Menu/menu_functions.o
 *fill*         0x000000000800b9e9        0x3 
 .rodata.main.str1.4
                0x000000000800b9ec       0x2c Src/main.o
 .rodata.AHBPrescTable
                0x000000000800ba18       0x10 Src/system_stm32l4xx.o
                0x000000000800ba18                AHBPrescTable
 .rodata.MSIRangeTable
                0x000000000800ba28       0x30 Src/system_stm32l4xx.o
                0x000000000800ba28                MSIRangeTable
 .rodata._svfprintf_r.str1.1
                0x000000000800ba58       0x11 /home/simeon/st/stm32cubeide_1.3.0/plugins/com.st.stm32cube.ide.mcu.externaltools.gnu-tools-for-stm32.7-2018-q2-update.linux64_1.0.0.201904181610/tools/bin/../lib/gcc/arm-none-eabi/7.3.1/../../../../arm-none-eabi/lib/thumb/v7e-m/fpv4-sp/hard/libc_nano.a(lib_a-nano-svfprintf.o)
 .rodata._printf_i.str1.1
                0x000000000800ba69       0x22 /home/simeon/st/stm32cubeide_1.3.0/plugins/com.st.stm32cube.ide.mcu.externaltools.gnu-tools-for-stm32.7-2018-q2-update.linux64_1.0.0.201904181610/tools/bin/../lib/gcc/arm-none-eabi/7.3.1/../../../../arm-none-eabi/lib/thumb/v7e-m/fpv4-sp/hard/libc_nano.a(lib_a-nano-vfprintf_i.o)
                0x000000000800ba8c                . = ALIGN (0x4)
 *fill*         0x000000000800ba8b        0x1 

.rel.dyn        0x000000000800ba8c        0x0
 .rel.iplt      0x000000000800ba8c        0x0 /home/simeon/st/stm32cubeide_1.3.0/plugins/com.st.stm32cube.ide.mcu.externaltools.gnu-tools-for-stm32.7-2018-q2-update.linux64_1.0.0.201904181610/tools/bin/../lib/gcc/arm-none-eabi/7.3.1/thumb/v7e-m/fpv4-sp/hard/crtbegin.o

.ARM.extab
 *(.ARM.extab* .gnu.linkonce.armextab.*)

.ARM            0x000000000800ba8c        0x0
                0x000000000800ba8c                __exidx_start = .
 *(.ARM.exidx*)
                0x000000000800ba8c                __exidx_end = .

.preinit_array  0x000000000800ba8c        0x0
                0x000000000800ba8c                PROVIDE (__preinit_array_start = .)
 *(.preinit_array*)
                0x000000000800ba8c                PROVIDE (__preinit_array_end = .)

.init_array     0x000000000800ba8c        0x4
                0x000000000800ba8c                PROVIDE (__init_array_start = .)
 *(SORT_BY_NAME(.init_array.*))
 *(.init_array*)
 .init_array    0x000000000800ba8c        0x4 /home/simeon/st/stm32cubeide_1.3.0/plugins/com.st.stm32cube.ide.mcu.externaltools.gnu-tools-for-stm32.7-2018-q2-update.linux64_1.0.0.201904181610/tools/bin/../lib/gcc/arm-none-eabi/7.3.1/thumb/v7e-m/fpv4-sp/hard/crtbegin.o
                0x000000000800ba90                PROVIDE (__init_array_end = .)

.fini_array     0x000000000800ba90        0x4
                [!provide]                        PROVIDE (__fini_array_start = .)
 *(SORT_BY_NAME(.fini_array.*))
 *(.fini_array*)
 .fini_array    0x000000000800ba90        0x4 /home/simeon/st/stm32cubeide_1.3.0/plugins/com.st.stm32cube.ide.mcu.externaltools.gnu-tools-for-stm32.7-2018-q2-update.linux64_1.0.0.201904181610/tools/bin/../lib/gcc/arm-none-eabi/7.3.1/thumb/v7e-m/fpv4-sp/hard/crtbegin.o
                [!provide]                        PROVIDE (__fini_array_end = .)
                0x000000000800ba94                _sidata = LOADADDR (.data)

.data           0x0000000020000000       0xc0 load address 0x000000000800ba94
                0x0000000020000000                . = ALIGN (0x4)
                0x0000000020000000                _sdata = .
 *(.data)
 *(.data*)
 .data.uwTickFreq
                0x0000000020000000        0x4 Drivers/STM32L4xx_HAL_Driver/Src/stm32l4xx_hal.o
                0x0000000020000000                uwTickFreq
 .data.uwTickPrio
                0x0000000020000004        0x4 Drivers/STM32L4xx_HAL_Driver/Src/stm32l4xx_hal.o
                0x0000000020000004                uwTickPrio
 .data.pFlash   0x0000000020000008       0x20 Drivers/STM32L4xx_HAL_Driver/Src/stm32l4xx_hal_flash.o
                0x0000000020000008                pFlash
 .data.pinIRQenable
                0x0000000020000028        0x1 Libraries/ir_module.o
                0x0000000020000028                pinIRQenable
 .data.y        0x0000000020000029        0x1 Menu/menu.o
 *fill*         0x000000002000002a        0x2 
 .data.everySecond
                0x000000002000002c        0x4 Src/main.o
                0x000000002000002c                everySecond
 .data.everyThird
                0x0000000020000030        0x4 Src/main.o
                0x0000000020000030                everyThird
 .data.gucKeyboardKey
                0x0000000020000034        0x1 Src/main.o
                0x0000000020000034                gucKeyboardKey
 *fill*         0x0000000020000035        0x3 
 .data.mpu_not  0x0000000020000038       0x10 Src/main.o
                0x0000000020000038                mpu_not
 .data.mpu_ok   0x0000000020000048        0xe Src/main.o
                0x0000000020000048                mpu_ok
 *fill*         0x0000000020000056        0x2 
 .data.SystemCoreClock
                0x0000000020000058        0x4 Src/system_stm32l4xx.o
                0x0000000020000058                SystemCoreClock
 .data._impure_ptr
                0x000000002000005c        0x4 /home/simeon/st/stm32cubeide_1.3.0/plugins/com.st.stm32cube.ide.mcu.externaltools.gnu-tools-for-stm32.7-2018-q2-update.linux64_1.0.0.201904181610/tools/bin/../lib/gcc/arm-none-eabi/7.3.1/../../../../arm-none-eabi/lib/thumb/v7e-m/fpv4-sp/hard/libc_nano.a(lib_a-impure.o)
                0x000000002000005c                _impure_ptr
 .data.impure_data
                0x0000000020000060       0x60 /home/simeon/st/stm32cubeide_1.3.0/plugins/com.st.stm32cube.ide.mcu.externaltools.gnu-tools-for-stm32.7-2018-q2-update.linux64_1.0.0.201904181610/tools/bin/../lib/gcc/arm-none-eabi/7.3.1/../../../../arm-none-eabi/lib/thumb/v7e-m/fpv4-sp/hard/libc_nano.a(lib_a-impure.o)
                0x00000000200000c0                . = ALIGN (0x4)
                0x00000000200000c0                _edata = .

.igot.plt       0x00000000200000c0        0x0 load address 0x000000000800bb54
 .igot.plt      0x00000000200000c0        0x0 /home/simeon/st/stm32cubeide_1.3.0/plugins/com.st.stm32cube.ide.mcu.externaltools.gnu-tools-for-stm32.7-2018-q2-update.linux64_1.0.0.201904181610/tools/bin/../lib/gcc/arm-none-eabi/7.3.1/thumb/v7e-m/fpv4-sp/hard/crtbegin.o
                0x00000000200000c0                . = ALIGN (0x4)

.bss            0x00000000200000c0      0xa6c load address 0x000000000800bb54
                0x00000000200000c0                _sbss = .
                0x00000000200000c0                __bss_start__ = _sbss
 *(.bss)
 .bss           0x00000000200000c0       0x1c /home/simeon/st/stm32cubeide_1.3.0/plugins/com.st.stm32cube.ide.mcu.externaltools.gnu-tools-for-stm32.7-2018-q2-update.linux64_1.0.0.201904181610/tools/bin/../lib/gcc/arm-none-eabi/7.3.1/thumb/v7e-m/fpv4-sp/hard/crtbegin.o
 *(.bss*)
 .bss.X_pos     0x00000000200000dc        0x1 Libraries/Glcd.o
 .bss.Y_pos     0x00000000200000dd        0x1 Libraries/Glcd.o
 .bss.bits      0x00000000200000de        0x1 Libraries/ir_module.o
 .bss.edge      0x00000000200000df        0x1 Libraries/ir_module.o
                0x00000000200000df                edge
 .bss.status    0x00000000200000e0        0x1 Libraries/ir_module.o
 .bss.setup_state
                0x00000000200000e1        0x1 Menu/dev_setup.o
 *fill*         0x00000000200000e2        0x2 
 .bss.usInpValue
                0x00000000200000e4        0x4 Menu/dev_setup.o
 .bss.currentMenuLevel
                0x00000000200000e8        0x1 Menu/menu.o
 .bss.currentMenuOffset
                0x00000000200000e9        0x1 Menu/menu.o
 .bss.currentMenuSize
                0x00000000200000ea        0x1 Menu/menu.o
 .bss.gucAdminMode
                0x00000000200000eb        0x1 Menu/menu.o
                0x00000000200000eb                gucAdminMode
 .bss.gucDefaultMenu
                0x00000000200000ec        0x1 Menu/menu.o
                0x00000000200000ec                gucDefaultMenu
 .bss.gucEventFlag
                0x00000000200000ed        0x1 Menu/menu.o
                0x00000000200000ed                gucEventFlag
 .bss.gucWarnings
                0x00000000200000ee        0x1 Menu/menu.o
                0x00000000200000ee                gucWarnings
 .bss.menuState
                0x00000000200000ef        0x1 Menu/menu.o
                0x00000000200000ef                menuState
 .bss.op_access_level
                0x00000000200000f0        0x1 Menu/menu.o
                0x00000000200000f0                op_access_level
 *fill*         0x00000000200000f1        0x3 
 .bss.parentMenu
                0x00000000200000f4       0x20 Menu/menu.o
 .bss.parentMenuTitle
                0x0000000020000114       0x20 Menu/menu.o
 .bss.selectedMenuItem
                0x0000000020000134        0x1 Menu/menu.o
 .bss.x         0x0000000020000135        0x1 Menu/menu.o
 *fill*         0x0000000020000136        0x2 
 .bss.edit_buff
                0x0000000020000138       0x28 Menu/menu_functions.o
 .bss.edit_state
                0x0000000020000160        0x1 Menu/menu_functions.o
 .bss.mb_state.11152
                0x0000000020000161        0x1 Menu/menu_functions.o
 .bss.selected.11135
                0x0000000020000162        0x1 Menu/menu_functions.o
 .bss.adc1_complete
                0x0000000020000163        0x1 Src/main.o
                0x0000000020000163                adc1_complete
 .bss.adc2_complete
                0x0000000020000164        0x1 Src/main.o
                0x0000000020000164                adc2_complete
 *fill*         0x0000000020000165        0x3 
 .bss.derivateX
                0x0000000020000168        0x4 Src/main.o
                0x0000000020000168                derivateX
 .bss.dt        0x000000002000016c        0x4 Src/main.o
                0x000000002000016c                dt
 .bss.endMapFlag
                0x0000000020000170        0x4 Src/main.o
                0x0000000020000170                endMapFlag
 .bss.gucRepeatOff
                0x0000000020000174        0x1 Src/main.o
                0x0000000020000174                gucRepeatOff
 *fill*         0x0000000020000175        0x3 
 .bss.integralW
                0x0000000020000178        0x4 Src/main.o
                0x0000000020000178                integralW
 .bss.mpu_irq   0x000000002000017c        0x1 Src/main.o
                0x000000002000017c                mpu_irq
 *fill*         0x000000002000017d        0x3 
 .bss.proportionalX
                0x0000000020000180        0x4 Src/main.o
                0x0000000020000180                proportionalX
 .bss.right_side_distance
                0x0000000020000184        0x2 Src/main.o
                0x0000000020000184                right_side_distance
 *fill*         0x0000000020000186        0x2 
 .bss.HAL_RCC_ADC_CLK_ENABLED
                0x0000000020000188        0x4 Src/stm32l4xx_hal_msp.o
 .bss.usDelta.9362
                0x000000002000018c        0x2 Src/stm32l4xx_it.o
 *fill*         0x000000002000018e        0x2 
 .bss.heap_end.7221
                0x0000000020000190        0x4 Src/syscalls.o
 .bss.control_val
                0x0000000020000194        0x2 WallFollowing/wall_following.o
                0x0000000020000194                control_val
 .bss.l_distance
                0x0000000020000196        0x2 WallFollowing/wall_following.o
                0x0000000020000196                l_distance
 .bss.__malloc_free_list
                0x0000000020000198        0x4 /home/simeon/st/stm32cubeide_1.3.0/plugins/com.st.stm32cube.ide.mcu.externaltools.gnu-tools-for-stm32.7-2018-q2-update.linux64_1.0.0.201904181610/tools/bin/../lib/gcc/arm-none-eabi/7.3.1/../../../../arm-none-eabi/lib/thumb/v7e-m/fpv4-sp/hard/libc_nano.a(lib_a-nano-mallocr.o)
                0x0000000020000198                __malloc_free_list
 .bss.__malloc_sbrk_start
                0x000000002000019c        0x4 /home/simeon/st/stm32cubeide_1.3.0/plugins/com.st.stm32cube.ide.mcu.externaltools.gnu-tools-for-stm32.7-2018-q2-update.linux64_1.0.0.201904181610/tools/bin/../lib/gcc/arm-none-eabi/7.3.1/../../../../arm-none-eabi/lib/thumb/v7e-m/fpv4-sp/hard/libc_nano.a(lib_a-nano-mallocr.o)
                0x000000002000019c                __malloc_sbrk_start
 *(COMMON)
 COMMON         0x00000000200001a0        0x1 DogModeTEST/dog_mode.o
                0x00000000200001a0                dogTurnFlag
 *fill*         0x00000000200001a1        0x3 
 COMMON         0x00000000200001a4        0x4 Drivers/STM32L4xx_HAL_Driver/Src/stm32l4xx_hal.o
                0x00000000200001a4                uwTick
 COMMON         0x00000000200001a8       0x18 Libraries/Encoders.o
                0x00000000200001a8                enc_right_speed
                0x00000000200001ac                enc_last_leftCounter
                0x00000000200001b0                enc_left_speed
                0x00000000200001b4                enc_rightCounter
                0x00000000200001b8                enc_last_rightCounter
                0x00000000200001bc                enc_leftCounter
 COMMON         0x00000000200001c0       0x14 Libraries/ir_module.o
                0x00000000200001c0                ir_data
                0x00000000200001c4                ulCountsPerMicrosecond
                0x00000000200001c8                gulTicks
                0x00000000200001cc                ir_repeat_cmd
                0x00000000200001cd                ir_data_ready
                0x00000000200001d0                ir_command
 COMMON         0x00000000200001d4      0x403 Libraries/lcd_SPI_drv.o
                0x00000000200001d4                lcd_display_array
                0x00000000200005d4                UpdateLcd
                0x00000000200005d5                Y_hi
                0x00000000200005d6                Y_lo
 *fill*         0x00000000200005d7        0x1 
 COMMON         0x00000000200005d8       0x34 MPU6050/sd_hal_mpu6050.o
                0x00000000200005d8                g_pfGyro
                0x00000000200005e4                g_pfEulers
                0x00000000200005f0                g_pfAccel
                0x00000000200005fc                fAngle
                0x0000000020000600                g_pfGyroOffset
 COMMON         0x000000002000060c       0x7c Menu/dev_setup.o
                0x000000002000060c                maze_settings
                0x0000000020000624                dev_settings
                0x0000000020000680                front_a_value
                0x0000000020000684                front_b_value
 COMMON         0x0000000020000688       0x21 Menu/menu.o
                0x0000000020000688                warning_timer
                0x000000002000068c                navbar
                0x00000000200006a4                currentMenu
                0x00000000200006a8                currentMenuNumber
 *fill*         0x00000000200006a9        0x3 
 COMMON         0x00000000200006ac       0x20 Menu/menu_functions.o
                0x00000000200006ac                property
 COMMON         0x00000000200006cc      0x454 Src/main.o
                0x00000000200006cc                sensor_error
                0x00000000200006d0                lAngle
                0x00000000200006d4                last_state
                0x00000000200006d8                sensor_values
                0x00000000200006e4                speed_ramp
                0x00000000200006e8                gusKeyRepeatTimer
                0x00000000200006ec                last_turn
                0x00000000200006f0                gulSysTimer
                0x00000000200006f4                front_way
                0x00000000200006f8                i32FPart
                0x00000000200006fc                hadc2
                0x0000000020000760                hi2c1
                0x00000000200007ac                gucKeyboardTimer
                0x00000000200007b0                htim15
                0x00000000200007f0                gulTick
                0x00000000200007f4                center_pos_value
                0x00000000200007f8                errorX
                0x00000000200007fc                control_valueX
                0x0000000020000800                speedX
                0x0000000020000804                lastErrorX
                0x0000000020000808                turn
                0x000000002000080c                state
                0x000000002000080d                maze_state
                0x0000000020000810                errors_sumW
                0x0000000020000814                move_result
                0x0000000020000818                speedW
                0x000000002000081c                direction
                0x0000000020000820                gulTimeTick
                0x0000000020000824                hadc1
                0x0000000020000888                goto_center_steps
                0x000000002000088c                gulTickCountDown
                0x0000000020000890                frontR_distance
                0x0000000020000894                control_valueW
                0x0000000020000898                i32IPart
                0x000000002000089c                left_side
                0x00000000200008a0                speed_setpoint
                0x00000000200008a4                current_speed
                0x00000000200008a8                sensor_calmin
                0x00000000200008b4                angle
                0x00000000200008b8                hdma_adc1
                0x0000000020000900                last_key
                0x0000000020000901                gucKeyHoldTimer
                0x0000000020000904                goto_wall
                0x0000000020000908                right_side
                0x000000002000090c                htim6
                0x000000002000094c                htim1
                0x000000002000098c                timeout
                0x0000000020000990                lastErrorW2
                0x0000000020000994                result
                0x0000000020000998                diff
                0x000000002000099c                hspi1
                0x0000000020000a00                wall
                0x0000000020000a04                htim2
                0x0000000020000a44                lastErrorW1
                0x0000000020000a48                hdma_adc2
                0x0000000020000a90                gulDeltaT
                0x0000000020000a94                frontL_distance
                0x0000000020000a98                left_distance
                0x0000000020000a9c                errors_sumX
                0x0000000020000aa0                errorW
                0x0000000020000aa4                htim16
                0x0000000020000ae4                front_min
                0x0000000020000ae8                mpu1
                0x0000000020000b04                maze_rule
                0x0000000020000b08                lastErrorW
                0x0000000020000b0c                front_turn_min
                0x0000000020000b10                left_pwm
                0x0000000020000b14                right_pwm
                0x0000000020000b18                right_distance
                0x0000000020000b1c                last_wall_status
 COMMON         0x0000000020000b20        0x6 WallFollowing/wall_following.o
                0x0000000020000b20                STATE
                0x0000000020000b22                ramp_step
                0x0000000020000b24                speed_ramp_diff
 *fill*         0x0000000020000b26        0x2 
 COMMON         0x0000000020000b28        0x4 /home/simeon/st/stm32cubeide_1.3.0/plugins/com.st.stm32cube.ide.mcu.externaltools.gnu-tools-for-stm32.7-2018-q2-update.linux64_1.0.0.201904181610/tools/bin/../lib/gcc/arm-none-eabi/7.3.1/../../../../arm-none-eabi/lib/thumb/v7e-m/fpv4-sp/hard/libc_nano.a(lib_a-reent.o)
                0x0000000020000b28                errno
                0x0000000020000b2c                . = ALIGN (0x4)
                0x0000000020000b2c                _ebss = .
                0x0000000020000b2c                __bss_end__ = _ebss

._user_heap_stack
                0x0000000020000b2c      0x600 load address 0x000000000800bb54
                0x0000000020000b2c                . = ALIGN (0x4)
                0x0000000020000b2c                PROVIDE (end = .)
                [!provide]                        PROVIDE (_end = .)
                0x0000000020000d2c                . = (. + _Min_Heap_Size)
 *fill*         0x0000000020000b2c      0x200 
                0x000000002000112c                . = (. + _Min_Stack_Size)
 *fill*         0x0000000020000d2c      0x400 
                0x000000002000112c                . = ALIGN (0x4)

/DISCARD/
 libc.a(*)
 libm.a(*)
 libgcc.a(*)

.ARM.attributes
                0x0000000000000000       0x30
 *(.ARM.attributes)
 .ARM.attributes
                0x0000000000000000       0x22 /home/simeon/st/stm32cubeide_1.3.0/plugins/com.st.stm32cube.ide.mcu.externaltools.gnu-tools-for-stm32.7-2018-q2-update.linux64_1.0.0.201904181610/tools/bin/../lib/gcc/arm-none-eabi/7.3.1/thumb/v7e-m/fpv4-sp/hard/crti.o
 .ARM.attributes
                0x0000000000000022       0x34 /home/simeon/st/stm32cubeide_1.3.0/plugins/com.st.stm32cube.ide.mcu.externaltools.gnu-tools-for-stm32.7-2018-q2-update.linux64_1.0.0.201904181610/tools/bin/../lib/gcc/arm-none-eabi/7.3.1/thumb/v7e-m/fpv4-sp/hard/crtbegin.o
 .ARM.attributes
                0x0000000000000056       0x39 DogModeTEST/dog_mode.o
 .ARM.attributes
                0x000000000000008f       0x39 Drivers/STM32L4xx_HAL_Driver/Src/stm32l4xx_hal.o
 .ARM.attributes
                0x00000000000000c8       0x39 Drivers/STM32L4xx_HAL_Driver/Src/stm32l4xx_hal_adc.o
 .ARM.attributes
                0x0000000000000101       0x39 Drivers/STM32L4xx_HAL_Driver/Src/stm32l4xx_hal_adc_ex.o
 .ARM.attributes
                0x000000000000013a       0x39 Drivers/STM32L4xx_HAL_Driver/Src/stm32l4xx_hal_cortex.o
 .ARM.attributes
                0x0000000000000173       0x39 Drivers/STM32L4xx_HAL_Driver/Src/stm32l4xx_hal_dma.o
 .ARM.attributes
                0x00000000000001ac       0x39 Drivers/STM32L4xx_HAL_Driver/Src/stm32l4xx_hal_flash.o
 .ARM.attributes
                0x00000000000001e5       0x39 Drivers/STM32L4xx_HAL_Driver/Src/stm32l4xx_hal_flash_ex.o
 .ARM.attributes
                0x000000000000021e       0x39 Drivers/STM32L4xx_HAL_Driver/Src/stm32l4xx_hal_gpio.o
 .ARM.attributes
                0x0000000000000257       0x39 Drivers/STM32L4xx_HAL_Driver/Src/stm32l4xx_hal_i2c.o
 .ARM.attributes
                0x0000000000000290       0x39 Drivers/STM32L4xx_HAL_Driver/Src/stm32l4xx_hal_i2c_ex.o
 .ARM.attributes
                0x00000000000002c9       0x39 Drivers/STM32L4xx_HAL_Driver/Src/stm32l4xx_hal_pwr_ex.o
 .ARM.attributes
                0x0000000000000302       0x39 Drivers/STM32L4xx_HAL_Driver/Src/stm32l4xx_hal_rcc.o
 .ARM.attributes
                0x000000000000033b       0x39 Drivers/STM32L4xx_HAL_Driver/Src/stm32l4xx_hal_rcc_ex.o
 .ARM.attributes
                0x0000000000000374       0x39 Drivers/STM32L4xx_HAL_Driver/Src/stm32l4xx_hal_spi.o
 .ARM.attributes
                0x00000000000003ad       0x39 Drivers/STM32L4xx_HAL_Driver/Src/stm32l4xx_hal_tim.o
 .ARM.attributes
                0x00000000000003e6       0x39 Drivers/STM32L4xx_HAL_Driver/Src/stm32l4xx_hal_tim_ex.o
 .ARM.attributes
                0x000000000000041f       0x39 Fonts/bg_font.o
 .ARM.attributes
                0x0000000000000458       0x39 Fonts/splash_screen.o
 .ARM.attributes
                0x0000000000000491       0x39 Language/menu_items.o
 .ARM.attributes
                0x00000000000004ca       0x39 Language/strings.o
 .ARM.attributes
                0x0000000000000503       0x39 Libraries/Encoders.o
 .ARM.attributes
                0x000000000000053c       0x39 Libraries/Glcd.o
 .ARM.attributes
                0x0000000000000575       0x39 Libraries/ir_module.o
 .ARM.attributes
                0x00000000000005ae       0x39 Libraries/lcd_SPI_drv.o
 .ARM.attributes
                0x00000000000005e7       0x39 Libraries/motors.o
 .ARM.attributes
                0x0000000000000620       0x39 MPU6050/sd_hal_mpu6050.o
 .ARM.attributes
                0x0000000000000659       0x39 Menu/dev_setup.o
 .ARM.attributes
                0x0000000000000692       0x39 Menu/menu.o
 .ARM.attributes
                0x00000000000006cb       0x39 Menu/menu_functions.o
 .ARM.attributes
                0x0000000000000704       0x39 Src/common.o
 .ARM.attributes
                0x000000000000073d       0x39 Src/main.o
 .ARM.attributes
                0x0000000000000776       0x39 Src/stm32l4xx_hal_msp.o
 .ARM.attributes
                0x00000000000007af       0x39 Src/stm32l4xx_it.o
 .ARM.attributes
                0x00000000000007e8       0x39 Src/syscalls.o
 .ARM.attributes
                0x0000000000000821       0x39 Src/system_stm32l4xx.o
 .ARM.attributes
                0x000000000000085a       0x39 WallFollowing/wall_following.o
 .ARM.attributes
                0x0000000000000893       0x21 startup/startup_stm32l412xx.o
 .ARM.attributes
                0x00000000000008b4       0x34 /home/simeon/st/stm32cubeide_1.3.0/plugins/com.st.stm32cube.ide.mcu.externaltools.gnu-tools-for-stm32.7-2018-q2-update.linux64_1.0.0.201904181610/tools/bin/../lib/gcc/arm-none-eabi/7.3.1/../../../../arm-none-eabi/lib/thumb/v7e-m/fpv4-sp/hard/libc_nano.a(lib_a-errno.o)
 .ARM.attributes
                0x00000000000008e8       0x34 /home/simeon/st/stm32cubeide_1.3.0/plugins/com.st.stm32cube.ide.mcu.externaltools.gnu-tools-for-stm32.7-2018-q2-update.linux64_1.0.0.201904181610/tools/bin/../lib/gcc/arm-none-eabi/7.3.1/../../../../arm-none-eabi/lib/thumb/v7e-m/fpv4-sp/hard/libc_nano.a(lib_a-impure.o)
 .ARM.attributes
                0x000000000000091c       0x34 /home/simeon/st/stm32cubeide_1.3.0/plugins/com.st.stm32cube.ide.mcu.externaltools.gnu-tools-for-stm32.7-2018-q2-update.linux64_1.0.0.201904181610/tools/bin/../lib/gcc/arm-none-eabi/7.3.1/../../../../arm-none-eabi/lib/thumb/v7e-m/fpv4-sp/hard/libc_nano.a(lib_a-init.o)
 .ARM.attributes
                0x0000000000000950       0x34 /home/simeon/st/stm32cubeide_1.3.0/plugins/com.st.stm32cube.ide.mcu.externaltools.gnu-tools-for-stm32.7-2018-q2-update.linux64_1.0.0.201904181610/tools/bin/../lib/gcc/arm-none-eabi/7.3.1/../../../../arm-none-eabi/lib/thumb/v7e-m/fpv4-sp/hard/libc_nano.a(lib_a-memset.o)
 .ARM.attributes
                0x0000000000000984       0x34 /home/simeon/st/stm32cubeide_1.3.0/plugins/com.st.stm32cube.ide.mcu.externaltools.gnu-tools-for-stm32.7-2018-q2-update.linux64_1.0.0.201904181610/tools/bin/../lib/gcc/arm-none-eabi/7.3.1/../../../../arm-none-eabi/lib/thumb/v7e-m/fpv4-sp/hard/libc_nano.a(lib_a-sprintf.o)
 .ARM.attributes
                0x00000000000009b8       0x1b /home/simeon/st/stm32cubeide_1.3.0/plugins/com.st.stm32cube.ide.mcu.externaltools.gnu-tools-for-stm32.7-2018-q2-update.linux64_1.0.0.201904181610/tools/bin/../lib/gcc/arm-none-eabi/7.3.1/../../../../arm-none-eabi/lib/thumb/v7e-m/fpv4-sp/hard/libc_nano.a(lib_a-strlen.o)
 .ARM.attributes
                0x00000000000009d3       0x34 /home/simeon/st/stm32cubeide_1.3.0/plugins/com.st.stm32cube.ide.mcu.externaltools.gnu-tools-for-stm32.7-2018-q2-update.linux64_1.0.0.201904181610/tools/bin/../lib/gcc/arm-none-eabi/7.3.1/../../../../arm-none-eabi/lib/thumb/v7e-m/fpv4-sp/hard/libc_nano.a(lib_a-nano-svfprintf.o)
 .ARM.attributes
                0x0000000000000a07       0x34 /home/simeon/st/stm32cubeide_1.3.0/plugins/com.st.stm32cube.ide.mcu.externaltools.gnu-tools-for-stm32.7-2018-q2-update.linux64_1.0.0.201904181610/tools/bin/../lib/gcc/arm-none-eabi/7.3.1/../../../../arm-none-eabi/lib/thumb/v7e-m/fpv4-sp/hard/libc_nano.a(lib_a-nano-vfprintf_i.o)
 .ARM.attributes
                0x0000000000000a3b       0x20 /home/simeon/st/stm32cubeide_1.3.0/plugins/com.st.stm32cube.ide.mcu.externaltools.gnu-tools-for-stm32.7-2018-q2-update.linux64_1.0.0.201904181610/tools/bin/../lib/gcc/arm-none-eabi/7.3.1/../../../../arm-none-eabi/lib/thumb/v7e-m/fpv4-sp/hard/libc_nano.a(lib_a-memchr.o)
 .ARM.attributes
                0x0000000000000a5b       0x34 /home/simeon/st/stm32cubeide_1.3.0/plugins/com.st.stm32cube.ide.mcu.externaltools.gnu-tools-for-stm32.7-2018-q2-update.linux64_1.0.0.201904181610/tools/bin/../lib/gcc/arm-none-eabi/7.3.1/../../../../arm-none-eabi/lib/thumb/v7e-m/fpv4-sp/hard/libc_nano.a(lib_a-memcpy-stub.o)
 .ARM.attributes
                0x0000000000000a8f       0x34 /home/simeon/st/stm32cubeide_1.3.0/plugins/com.st.stm32cube.ide.mcu.externaltools.gnu-tools-for-stm32.7-2018-q2-update.linux64_1.0.0.201904181610/tools/bin/../lib/gcc/arm-none-eabi/7.3.1/../../../../arm-none-eabi/lib/thumb/v7e-m/fpv4-sp/hard/libc_nano.a(lib_a-memmove.o)
 .ARM.attributes
                0x0000000000000ac3       0x34 /home/simeon/st/stm32cubeide_1.3.0/plugins/com.st.stm32cube.ide.mcu.externaltools.gnu-tools-for-stm32.7-2018-q2-update.linux64_1.0.0.201904181610/tools/bin/../lib/gcc/arm-none-eabi/7.3.1/../../../../arm-none-eabi/lib/thumb/v7e-m/fpv4-sp/hard/libc_nano.a(lib_a-nano-freer.o)
 .ARM.attributes
                0x0000000000000af7       0x34 /home/simeon/st/stm32cubeide_1.3.0/plugins/com.st.stm32cube.ide.mcu.externaltools.gnu-tools-for-stm32.7-2018-q2-update.linux64_1.0.0.201904181610/tools/bin/../lib/gcc/arm-none-eabi/7.3.1/../../../../arm-none-eabi/lib/thumb/v7e-m/fpv4-sp/hard/libc_nano.a(lib_a-nano-mallocr.o)
 .ARM.attributes
                0x0000000000000b2b       0x34 /home/simeon/st/stm32cubeide_1.3.0/plugins/com.st.stm32cube.ide.mcu.externaltools.gnu-tools-for-stm32.7-2018-q2-update.linux64_1.0.0.201904181610/tools/bin/../lib/gcc/arm-none-eabi/7.3.1/../../../../arm-none-eabi/lib/thumb/v7e-m/fpv4-sp/hard/libc_nano.a(lib_a-nano-reallocr.o)
 .ARM.attributes
                0x0000000000000b5f       0x34 /home/simeon/st/stm32cubeide_1.3.0/plugins/com.st.stm32cube.ide.mcu.externaltools.gnu-tools-for-stm32.7-2018-q2-update.linux64_1.0.0.201904181610/tools/bin/../lib/gcc/arm-none-eabi/7.3.1/../../../../arm-none-eabi/lib/thumb/v7e-m/fpv4-sp/hard/libc_nano.a(lib_a-sbrkr.o)
 .ARM.attributes
                0x0000000000000b93       0x34 /home/simeon/st/stm32cubeide_1.3.0/plugins/com.st.stm32cube.ide.mcu.externaltools.gnu-tools-for-stm32.7-2018-q2-update.linux64_1.0.0.201904181610/tools/bin/../lib/gcc/arm-none-eabi/7.3.1/../../../../arm-none-eabi/lib/thumb/v7e-m/fpv4-sp/hard/libc_nano.a(lib_a-mlock.o)
 .ARM.attributes
                0x0000000000000bc7       0x34 /home/simeon/st/stm32cubeide_1.3.0/plugins/com.st.stm32cube.ide.mcu.externaltools.gnu-tools-for-stm32.7-2018-q2-update.linux64_1.0.0.201904181610/tools/bin/../lib/gcc/arm-none-eabi/7.3.1/../../../../arm-none-eabi/lib/thumb/v7e-m/fpv4-sp/hard/libc_nano.a(lib_a-nano-msizer.o)
 .ARM.attributes